[    0.000000] Initializing cgroup subsys cpuset
[    0.000000] Initializing cgroup subsys cpu
[    0.000000] Initializing cgroup subsys cpuacct
[    0.000000] Linux version 4.4.0-47-generic (buildd@lcy01-03) (gcc version 5.4.0 20160609 (Ubuntu 5.4.0-6ubuntu1~16.04.2) ) #68-Ubuntu SMP Wed Oct 26 19:39:52 UTC 2016 (Ubuntu 4.4.0-47.68-generic 4.4.24)
[    0.000000] Command line: BOOT_IMAGE=/boot/vmlinuz root=UUID=75c27fe0-43af-421f-9f4e-38ffe9e456cf ro nomdmonddf nomdmonisw biosdevname=0 net.ifnames=0
[    0.000000] KERNEL supported cpus:
[    0.000000]   Intel GenuineIntel
[    0.000000]   AMD AuthenticAMD
[    0.000000]   Centaur CentaurHauls
[    0.000000] x86/fpu: xstate_offset[2]:  576, xstate_sizes[2]:  256
[    0.000000] x86/fpu: Supporting XSAVE feature 0x01: 'x87 floating point registers'
[    0.000000] x86/fpu: Supporting XSAVE feature 0x02: 'SSE registers'
[    0.000000] x86/fpu: Supporting XSAVE feature 0x04: 'AVX registers'
[    0.000000] x86/fpu: Enabled xstate features 0x7, context size is 832 bytes, using 'standard' format.
[    0.000000] x86/fpu: Using 'eager' FPU context switches.
[    0.000000] e820: BIOS-provided physical RAM map:
[    0.000000] BIOS-e820: [mem 0x0000000000000000-0x00000000000933ff] usable
[    0.000000] BIOS-e820: [mem 0x0000000000093400-0x000000000009ffff] reserved
[    0.000000] BIOS-e820: [mem 0x00000000000e0000-0x00000000000fffff] reserved
[    0.000000] BIOS-e820: [mem 0x0000000000100000-0x00000000794f4fff] usable
[    0.000000] BIOS-e820: [mem 0x00000000794f5000-0x0000000079abcfff] reserved
[    0.000000] BIOS-e820: [mem 0x0000000079abd000-0x0000000079b0cfff] ACPI data
[    0.000000] BIOS-e820: [mem 0x0000000079b0d000-0x000000007a0a4fff] ACPI NVS
[    0.000000] BIOS-e820: [mem 0x000000007a0a5000-0x000000007bd51fff] reserved
[    0.000000] BIOS-e820: [mem 0x000000007bd52000-0x000000007bd52fff] usable
[    0.000000] BIOS-e820: [mem 0x000000007bd53000-0x000000007bdd8fff] reserved
[    0.000000] BIOS-e820: [mem 0x000000007bdd9000-0x000000007bffffff] usable
[    0.000000] BIOS-e820: [mem 0x000000007c000000-0x000000008fffffff] reserved
[    0.000000] BIOS-e820: [mem 0x00000000fed1c000-0x00000000fed24fff] reserved
[    0.000000] BIOS-e820: [mem 0x00000000fed30000-0x00000000fed34fff] reserved
[    0.000000] BIOS-e820: [mem 0x00000000fed40000-0x00000000fed44fff] reserved
[    0.000000] BIOS-e820: [mem 0x00000000ff000000-0x00000000ffffffff] reserved
[    0.000000] BIOS-e820: [mem 0x0000000100000000-0x000000207fffffff] usable
[    0.000000] NX (Execute Disable) protection: active
[    0.000000] SMBIOS 2.8 present.
[    0.000000] DMI: SYNNEX QuantaPlex T41SP-2U/S2SP-MB, BIOS S2SP3A02 02/05/2015
[    0.000000] e820: update [mem 0x00000000-0x00000fff] usable ==> reserved
[    0.000000] e820: remove [mem 0x000a0000-0x000fffff] usable
[    0.000000] e820: last_pfn = 0x2080000 max_arch_pfn = 0x400000000
[    0.000000] MTRR default type: write-back
[    0.000000] MTRR fixed ranges enabled:
[    0.000000]   00000-9FFFF write-back
[    0.000000]   A0000-BFFFF uncachable
[    0.000000]   C0000-FFFFF write-protect
[    0.000000] MTRR variable ranges enabled:
[    0.000000]   0 base 000080000000 mask 3FFF80000000 uncachable
[    0.000000]   1 base 380000000000 mask 3F8000000000 uncachable
[    0.000000]   2 base 0000C2000000 mask 3FFFFE000000 write-through
[    0.000000]   3 base 0000C4000000 mask 3FFFFF800000 write-through
[    0.000000]   4 disabled
[    0.000000]   5 disabled
[    0.000000]   6 disabled
[    0.000000]   7 disabled
[    0.000000]   8 disabled
[    0.000000]   9 disabled
[    0.000000] x86/PAT: Configuration [0-7]: WB  WC  UC- UC  WB  WC  UC- WT  
[    0.000000] e820: last_pfn = 0x7c000 max_arch_pfn = 0x400000000
[    0.000000] found SMP MP-table at [mem 0x000fd9b0-0x000fd9bf] mapped at [ffff8800000fd9b0]
[    0.000000] Scanning 1 areas for low memory corruption
[    0.000000] Base memory trampoline at [ffff88000008d000] 8d000 size 24576
[    0.000000] Using GB pages for direct mapping
[    0.000000] BRK [0x02202000, 0x02202fff] PGTABLE
[    0.000000] BRK [0x02203000, 0x02203fff] PGTABLE
[    0.000000] BRK [0x02204000, 0x02204fff] PGTABLE
[    0.000000] BRK [0x02205000, 0x02205fff] PGTABLE
[    0.000000] RAMDISK: [mem 0x33e48000-0x35f1bfff]
[    0.000000] ACPI: Early table checksum verification disabled
[    0.000000] ACPI: RSDP 0x00000000000F0530 000024 (v02 ALASKA)
[    0.000000] ACPI: XSDT 0x0000000079ACD0B8 0000EC (v01 ALASKA A M I    01072009 AMI  00010013)
[    0.000000] ACPI: FACP 0x0000000079AF9C58 00010C (v05 ALASKA A M I    01072009 AMI  00010013)
[    0.000000] ACPI: DSDT 0x0000000079ACD230 02CA24 (v02 ALASKA A M I    01072009 INTL 20091013)
[    0.000000] ACPI: FACS 0x000000007A0A2F80 000040
[    0.000000] ACPI: APIC 0x0000000079AF9D68 000224 (v03 ALASKA A M I    01072009 AMI  00010013)
[    0.000000] ACPI: FPDT 0x0000000079AF9F90 000044 (v01 ALASKA A M I    01072009 AMI  00010013)
[    0.000000] ACPI: FIDT 0x0000000079AF9FD8 00009C (v01 ALASKA A M I    01072009 AMI  00010013)
[    0.000000] ACPI: SPMI 0x0000000079AFA078 000040 (v05 ALASKA A M I    00000000 AMI. 00000000)
[    0.000000] ACPI: MCFG 0x0000000079AFA0B8 00003C (v01 ALASKA A M I    01072009 MSFT 00000097)
[    0.000000] ACPI: TCPA 0x0000000079AFA0F8 000032 (v02 ALASKA NAPAASF  00000001 MSFT 01000013)
[    0.000000] ACPI: UEFI 0x0000000079AFA130 000042 (v01 ALASKA A M I    01072009      00000000)
[    0.000000] ACPI: BDAT 0x0000000079AFA178 000030 (v01 ALASKA A M I    00000000 INTL 20091013)
[    0.000000] ACPI: HPET 0x0000000079AFA1A8 000038 (v01 ALASKA A M I    00000001 INTL 20091013)
[    0.000000] ACPI: MSCT 0x0000000079AFA1E0 000090 (v01 ALASKA A M I    00000001 INTL 20091013)
[    0.000000] ACPI: PMCT 0x0000000079AFA270 000064 (v01 ALASKA A M I    00000000 INTL 20091013)
[    0.000000] ACPI: SLIT 0x0000000079AFA2D8 000030 (v01 ALASKA A M I    00000001 INTL 20091013)
[    0.000000] ACPI: SRAT 0x0000000079AFA308 000E58 (v03 ALASKA A M I    00000001 INTL 20091013)
[    0.000000] ACPI: WDDT 0x0000000079AFB160 000040 (v01 ALASKA A M I    00000000 INTL 20091013)
[    0.000000] ACPI: SSDT 0x0000000079AFB1A0 00EDE7 (v02 ALASKA PmMgt    00000002 INTL 20120913)
[    0.000000] ACPI: SPCR 0x0000000079B09F88 000050 (v01 A M I  APTIO V  01072009 AMI. 00000005)
[    0.000000] ACPI: SSDT 0x0000000079B09FD8 002144 (v02 ALASKA SpsNm    00000002 INTL 20120913)
[    0.000000] ACPI: SSDT 0x0000000079B0C120 000064 (v02 ALASKA SpsNvs   00000002 INTL 20120913)
[    0.000000] ACPI: PRAD 0x0000000079B0C188 000102 (v02 ALASKA A M I    00000002 INTL 20120913)
[    0.000000] ACPI: DMAR 0x0000000079B0C290 0000E0 (v01 ALASKA A M I    00000001 INTL 20091013)
[    0.000000] ACPI: HEST 0x0000000079B0C370 0000A8 (v01 ALASKA A M I    00000001 INTL 00000001)
[    0.000000] ACPI: BERT 0x0000000079B0C418 000030 (v01 ALASKA A M I    00000001 INTL 00000001)
[    0.000000] ACPI: ERST 0x0000000079B0C448 000230 (v01 ALASKA A M I    00000001 INTL 00000001)
[    0.000000] ACPI: EINJ 0x0000000079B0C678 000130 (v01 ALASKA A M I    00000001 INTL 00000001)
[    0.000000] ACPI: Local APIC address 0xfee00000
[    0.000000] SRAT: PXM 0 -> APIC 0x00 -> Node 0
[    0.000000] SRAT: PXM 0 -> APIC 0x02 -> Node 0
[    0.000000] SRAT: PXM 0 -> APIC 0x04 -> Node 0
[    0.000000] SRAT: PXM 0 -> APIC 0x06 -> Node 0
[    0.000000] SRAT: PXM 0 -> APIC 0x08 -> Node 0
[    0.000000] SRAT: PXM 0 -> APIC 0x0a -> Node 0
[    0.000000] SRAT: PXM 0 -> APIC 0x0c -> Node 0
[    0.000000] SRAT: PXM 0 -> APIC 0x0e -> Node 0
[    0.000000] SRAT: PXM 1 -> APIC 0x10 -> Node 1
[    0.000000] SRAT: PXM 1 -> APIC 0x12 -> Node 1
[    0.000000] SRAT: PXM 1 -> APIC 0x14 -> Node 1
[    0.000000] SRAT: PXM 1 -> APIC 0x16 -> Node 1
[    0.000000] SRAT: PXM 1 -> APIC 0x18 -> Node 1
[    0.000000] SRAT: PXM 1 -> APIC 0x1a -> Node 1
[    0.000000] SRAT: PXM 1 -> APIC 0x1c -> Node 1
[    0.000000] SRAT: PXM 1 -> APIC 0x1e -> Node 1
[    0.000000] SRAT: PXM 0 -> APIC 0x01 -> Node 0
[    0.000000] SRAT: PXM 0 -> APIC 0x03 -> Node 0
[    0.000000] SRAT: PXM 0 -> APIC 0x05 -> Node 0
[    0.000000] SRAT: PXM 0 -> APIC 0x07 -> Node 0
[    0.000000] SRAT: PXM 0 -> APIC 0x09 -> Node 0
[    0.000000] SRAT: PXM 0 -> APIC 0x0b -> Node 0
[    0.000000] SRAT: PXM 0 -> APIC 0x0d -> Node 0
[    0.000000] SRAT: PXM 0 -> APIC 0x0f -> Node 0
[    0.000000] SRAT: PXM 1 -> APIC 0x11 -> Node 1
[    0.000000] SRAT: PXM 1 -> APIC 0x13 -> Node 1
[    0.000000] SRAT: PXM 1 -> APIC 0x15 -> Node 1
[    0.000000] SRAT: PXM 1 -> APIC 0x17 -> Node 1
[    0.000000] SRAT: PXM 1 -> APIC 0x19 -> Node 1
[    0.000000] SRAT: PXM 1 -> APIC 0x1b -> Node 1
[    0.000000] SRAT: PXM 1 -> APIC 0x1d -> Node 1
[    0.000000] SRAT: PXM 1 -> APIC 0x1f -> Node 1
[    0.000000] SRAT: Node 0 PXM 0 [mem 0x00000000-0x7fffffff]
[    0.000000] SRAT: Node 0 PXM 0 [mem 0x100000000-0x107fffffff]
[    0.000000] SRAT: Node 1 PXM 1 [mem 0x1080000000-0x207fffffff]
[    0.000000] NUMA: Initialized distance table, cnt=2
[    0.000000] NUMA: Node 0 [mem 0x00000000-0x7fffffff] + [mem 0x100000000-0x107fffffff] -> [mem 0x00000000-0x107fffffff]
[    0.000000] NODE_DATA(0) allocated [mem 0x107fffb000-0x107fffffff]
[    0.000000] NODE_DATA(1) allocated [mem 0x207fff8000-0x207fffcfff]
[    0.000000] Zone ranges:
[    0.000000]   DMA      [mem 0x0000000000001000-0x0000000000ffffff]
[    0.000000]   DMA32    [mem 0x0000000001000000-0x00000000ffffffff]
[    0.000000]   Normal   [mem 0x0000000100000000-0x000000207fffffff]
[    0.000000]   Device   empty
[    0.000000] Movable zone start for each node
[    0.000000] Early memory node ranges
[    0.000000]   node   0: [mem 0x0000000000001000-0x0000000000092fff]
[    0.000000]   node   0: [mem 0x0000000000100000-0x00000000794f4fff]
[    0.000000]   node   0: [mem 0x000000007bd52000-0x000000007bd52fff]
[    0.000000]   node   0: [mem 0x000000007bdd9000-0x000000007bffffff]
[    0.000000]   node   0: [mem 0x0000000100000000-0x000000107fffffff]
[    0.000000]   node   1: [mem 0x0000001080000000-0x000000207fffffff]
[    0.000000] Initmem setup node 0 [mem 0x0000000000001000-0x000000107fffffff]
[    0.000000] On node 0 totalpages: 16750255
[    0.000000]   DMA zone: 64 pages used for memmap
[    0.000000]   DMA zone: 21 pages reserved
[    0.000000]   DMA zone: 3986 pages, LIFO batch:0
[    0.000000]   DMA32 zone: 7709 pages used for memmap
[    0.000000]   DMA32 zone: 493341 pages, LIFO batch:31
[    0.000000]   Normal zone: 253952 pages used for memmap
[    0.000000]   Normal zone: 16252928 pages, LIFO batch:31
[    0.000000] Initmem setup node 1 [mem 0x0000001080000000-0x000000207fffffff]
[    0.000000] On node 1 totalpages: 16777216
[    0.000000]   Normal zone: 262144 pages used for memmap
[    0.000000]   Normal zone: 16777216 pages, LIFO batch:31
[    0.000000] ACPI: PM-Timer IO Port: 0x408
[    0.000000] ACPI: Local APIC address 0xfee00000
[    0.000000] ACPI: LAPIC_NMI (acpi_id[0x00] high edge lint[0x1])
[    0.000000] ACPI: LAPIC_NMI (acpi_id[0x02] high edge lint[0x1])
[    0.000000] ACPI: LAPIC_NMI (acpi_id[0x04] high edge lint[0x1])
[    0.000000] ACPI: LAPIC_NMI (acpi_id[0x06] high edge lint[0x1])
[    0.000000] ACPI: LAPIC_NMI (acpi_id[0x08] high edge lint[0x1])
[    0.000000] ACPI: LAPIC_NMI (acpi_id[0x0a] high edge lint[0x1])
[    0.000000] ACPI: LAPIC_NMI (acpi_id[0x0c] high edge lint[0x1])
[    0.000000] ACPI: LAPIC_NMI (acpi_id[0x0e] high edge lint[0x1])
[    0.000000] ACPI: LAPIC_NMI (acpi_id[0x10] high edge lint[0x1])
[    0.000000] ACPI: LAPIC_NMI (acpi_id[0x12] high edge lint[0x1])
[    0.000000] ACPI: LAPIC_NMI (acpi_id[0x14] high edge lint[0x1])
[    0.000000] ACPI: LAPIC_NMI (acpi_id[0x16] high edge lint[0x1])
[    0.000000] ACPI: LAPIC_NMI (acpi_id[0x18] high edge lint[0x1])
[    0.000000] ACPI: LAPIC_NMI (acpi_id[0x1a] high edge lint[0x1])
[    0.000000] ACPI: LAPIC_NMI (acpi_id[0x1c] high edge lint[0x1])
[    0.000000] ACPI: LAPIC_NMI (acpi_id[0x1e] high edge lint[0x1])
[    0.000000] ACPI: LAPIC_NMI (acpi_id[0x01] high edge lint[0x1])
[    0.000000] ACPI: LAPIC_NMI (acpi_id[0x03] high edge lint[0x1])
[    0.000000] ACPI: LAPIC_NMI (acpi_id[0x05] high edge lint[0x1])
[    0.000000] ACPI: LAPIC_NMI (acpi_id[0x07] high edge lint[0x1])
[    0.000000] ACPI: LAPIC_NMI (acpi_id[0x09] high edge lint[0x1])
[    0.000000] ACPI: LAPIC_NMI (acpi_id[0x0b] high edge lint[0x1])
[    0.000000] ACPI: LAPIC_NMI (acpi_id[0x0d] high edge lint[0x1])
[    0.000000] ACPI: LAPIC_NMI (acpi_id[0x0f] high edge lint[0x1])
[    0.000000] ACPI: LAPIC_NMI (acpi_id[0x11] high edge lint[0x1])
[    0.000000] ACPI: LAPIC_NMI (acpi_id[0x13] high edge lint[0x1])
[    0.000000] ACPI: LAPIC_NMI (acpi_id[0x15] high edge lint[0x1])
[    0.000000] ACPI: LAPIC_NMI (acpi_id[0x17] high edge lint[0x1])
[    0.000000] ACPI: LAPIC_NMI (acpi_id[0x19] high edge lint[0x1])
[    0.000000] ACPI: LAPIC_NMI (acpi_id[0x1b] high edge lint[0x1])
[    0.000000] ACPI: LAPIC_NMI (acpi_id[0x1d] high edge lint[0x1])
[    0.000000] ACPI: LAPIC_NMI (acpi_id[0x1f] high edge lint[0x1])
[    0.000000] IOAPIC[0]: apic_id 1, version 32, address 0xfec00000, GSI 0-23
[    0.000000] IOAPIC[1]: apic_id 2, version 32, address 0xfec01000, GSI 24-47
[    0.000000] IOAPIC[2]: apic_id 3, version 32, address 0xfec40000, GSI 48-71
[    0.000000] ACPI: INT_SRC_OVR (bus 0 bus_irq 0 global_irq 2 dfl dfl)
[    0.000000] ACPI: INT_SRC_OVR (bus 0 bus_irq 9 global_irq 9 high level)
[    0.000000] ACPI: IRQ0 used by override.
[    0.000000] ACPI: IRQ9 used by override.
[    0.000000] Using ACPI (MADT) for SMP configuration information
[    0.000000] ACPI: HPET id: 0x8086a701 base: 0xfed00000
[    0.000000] smpboot: Allowing 32 CPUs, 0 hotplug CPUs
[    0.000000] PM: Registered nosave memory: [mem 0x00000000-0x00000fff]
[    0.000000] PM: Registered nosave memory: [mem 0x00093000-0x00093fff]
[    0.000000] PM: Registered nosave memory: [mem 0x00094000-0x0009ffff]
[    0.000000] PM: Registered nosave memory: [mem 0x000a0000-0x000dffff]
[    0.000000] PM: Registered nosave memory: [mem 0x000e0000-0x000fffff]
[    0.000000] PM: Registered nosave memory: [mem 0x794f5000-0x79abcfff]
[    0.000000] PM: Registered nosave memory: [mem 0x79abd000-0x79b0cfff]
[    0.000000] PM: Registered nosave memory: [mem 0x79b0d000-0x7a0a4fff]
[    0.000000] PM: Registered nosave memory: [mem 0x7a0a5000-0x7bd51fff]
[    0.000000] PM: Registered nosave memory: [mem 0x7bd53000-0x7bdd8fff]
[    0.000000] PM: Registered nosave memory: [mem 0x7c000000-0x8fffffff]
[    0.000000] PM: Registered nosave memory: [mem 0x90000000-0xfed1bfff]
[    0.000000] PM: Registered nosave memory: [mem 0xfed1c000-0xfed24fff]
[    0.000000] PM: Registered nosave memory: [mem 0xfed25000-0xfed2ffff]
[    0.000000] PM: Registered nosave memory: [mem 0xfed30000-0xfed34fff]
[    0.000000] PM: Registered nosave memory: [mem 0xfed35000-0xfed3ffff]
[    0.000000] PM: Registered nosave memory: [mem 0xfed40000-0xfed44fff]
[    0.000000] PM: Registered nosave memory: [mem 0xfed45000-0xfeffffff]
[    0.000000] PM: Registered nosave memory: [mem 0xff000000-0xffffffff]
[    0.000000] e820: [mem 0x90000000-0xfed1bfff] available for PCI devices
[    0.000000] Booting paravirtualized kernel on bare hardware
[    0.000000] clocksource: refined-jiffies: mask: 0xffffffff max_cycles: 0xffffffff, max_idle_ns: 7645519600211568 ns
[    0.000000] setup_percpu: NR_CPUS:256 nr_cpumask_bits:256 nr_cpu_ids:32 nr_node_ids:2
[    0.000000] PERCPU: Embedded 33 pages/cpu @ffff88103fa00000 s98008 r8192 d28968 u262144
[    0.000000] pcpu-alloc: s98008 r8192 d28968 u262144 alloc=1*2097152
[    0.000000] pcpu-alloc: [0] 00 01 02 03 04 05 06 07 [0] 16 17 18 19 20 21 22 23 
[    0.000000] pcpu-alloc: [1] 08 09 10 11 12 13 14 15 [1] 24 25 26 27 28 29 30 31 
[    0.000000] Built 2 zonelists in Node order, mobility grouping on.  Total pages: 33003581
[    0.000000] Policy zone: Normal
[    0.000000] Kernel command line: BOOT_IMAGE=/boot/vmlinuz root=UUID=75c27fe0-43af-421f-9f4e-38ffe9e456cf ro nomdmonddf nomdmonisw biosdevname=0 net.ifnames=0
[    0.000000] PID hash table entries: 4096 (order: 3, 32768 bytes)
[    0.000000] Calgary: detecting Calgary via BIOS EBDA area
[    0.000000] Calgary: Unable to locate Rio Grande table in EBDA - bailing!
[    0.000000] Memory: 131889844K/134109884K available (8423K kernel code, 1285K rwdata, 3952K rodata, 1480K init, 1292K bss, 2220040K reserved, 0K cma-reserved)
[    0.000000] SLUB: HWalign=64, Order=0-3, MinObjects=0, CPUs=32, Nodes=2
[    0.000000] Hierarchical RCU implementation.
[    0.000000] 	Build-time adjustment of leaf fanout to 64.
[    0.000000] 	RCU restricting CPUs from NR_CPUS=256 to nr_cpu_ids=32.
[    0.000000] RCU: Adjusting geometry for rcu_fanout_leaf=64, nr_cpu_ids=32
[    0.000000] NR_IRQS:16640 nr_irqs:1496 16
[    0.000000] Console: colour VGA+ 80x25
[    0.000000] console [tty0] enabled
[    0.000000] mempolicy: Enabling automatic NUMA balancing. Configure with numa_balancing= or the kernel.numa_balancing sysctl
[    0.000000] clocksource: hpet: mask: 0xffffffff max_cycles: 0xffffffff, max_idle_ns: 133484882848 ns
[    0.000000] hpet clockevent registered
[    0.000000] tsc: Fast TSC calibration using PIT
[    0.000000] tsc: Detected 2593.930 MHz processor
[    0.000032] Calibrating delay loop (skipped), value calculated using timer frequency.. 5187.86 BogoMIPS (lpj=10375720)
[    0.000175] pid_max: default: 32768 minimum: 301
[    0.000251] ACPI: Core revision 20150930
[    0.035223] ACPI: 4 ACPI AML tables successfully acquired and loaded
[    0.035426] Security Framework initialized
[    0.035495] Yama: becoming mindful.
[    0.035589] AppArmor: AppArmor initialized
[    0.042536] Dentry cache hash table entries: 16777216 (order: 15, 134217728 bytes)
[    0.068210] Inode-cache hash table entries: 8388608 (order: 14, 67108864 bytes)
[    0.079413] Mount-cache hash table entries: 262144 (order: 9, 2097152 bytes)
[    0.079612] Mountpoint-cache hash table entries: 262144 (order: 9, 2097152 bytes)
[    0.080534] Initializing cgroup subsys io
[    0.080606] Initializing cgroup subsys memory
[    0.080688] Initializing cgroup subsys devices
[    0.080760] Initializing cgroup subsys freezer
[    0.080831] Initializing cgroup subsys net_cls
[    0.080901] Initializing cgroup subsys perf_event
[    0.080976] Initializing cgroup subsys net_prio
[    0.081048] Initializing cgroup subsys hugetlb
[    0.081118] Initializing cgroup subsys pids
[    0.081213] CPU: Physical Processor ID: 0
[    0.081281] CPU: Processor Core ID: 0
[    0.082228] mce: CPU supports 22 MCE banks
[    0.082332] CPU0: Thermal monitoring enabled (TM1)
[    0.082428] process: using mwait in idle threads
[    0.082500] Last level iTLB entries: 4KB 1024, 2MB 1024, 4MB 1024
[    0.082573] Last level dTLB entries: 4KB 1024, 2MB 1024, 4MB 1024, 1GB 4
[    0.082971] Freeing SMP alternatives memory: 32K (ffffffff820b5000 - ffffffff820bd000)
[    0.084726] ftrace: allocating 32047 entries in 126 pages
[    0.097034] smpboot: Max logical packages: 4
[    0.097105] smpboot: APIC(0) Converting physical 0 to logical package 0
[    0.097180] smpboot: APIC(10) Converting physical 1 to logical package 1
[    0.097263] DMAR: Host address width 46
[    0.097332] DMAR: DRHD base: 0x000000fbffc000 flags: 0x0
[    0.097411] DMAR: dmar0: reg_base_addr fbffc000 ver 1:0 cap d2078c106f0466 ecap f020df
[    0.097506] DMAR: DRHD base: 0x000000c7ffc000 flags: 0x1
[    0.097589] DMAR: dmar1: reg_base_addr c7ffc000 ver 1:0 cap d2078c106f0466 ecap f020df
[    0.097685] DMAR: RMRR base: 0x0000007bc06000 end: 0x0000007bc14fff
[    0.097758] DMAR: ATSR flags: 0x0
[    0.097825] DMAR: RHSA base: 0x000000c7ffc000 proximity domain: 0x0
[    0.097898] DMAR: RHSA base: 0x000000fbffc000 proximity domain: 0x1
[    0.097972] DMAR-IR: IOAPIC id 3 under DRHD base  0xfbffc000 IOMMU 0
[    0.098046] DMAR-IR: IOAPIC id 1 under DRHD base  0xc7ffc000 IOMMU 1
[    0.098119] DMAR-IR: IOAPIC id 2 under DRHD base  0xc7ffc000 IOMMU 1
[    0.098193] DMAR-IR: HPET id 0 under DRHD base 0xc7ffc000
[    0.098264] DMAR-IR: x2apic is disabled because BIOS sets x2apic opt out bit.
[    0.098321] DMAR-IR: Use 'intremap=no_x2apic_optout' to override the BIOS setting.
[    0.099269] DMAR-IR: Enabled IRQ remapping in xapic mode
[    0.099341] x2apic: IRQ remapping doesn't support X2APIC mode
[    0.099415] Switched APIC routing to physical flat.
[    0.100131] ..TIMER: vector=0x30 apic1=0 pin1=2 apic2=-1 pin2=-1
[    0.139891] TSC deadline timer enabled
[    0.139895] smpboot: CPU0: Intel(R) Xeon(R) CPU E5-2640 v3 @ 2.60GHz (family: 0x6, model: 0x3f, stepping: 0x2)
[    0.140133] Performance Events: PEBS fmt2+, 16-deep LBR, Haswell events, full-width counters, Intel PMU driver.
[    0.140452] ... version:                3
[    0.140520] ... bit width:              48
[    0.140588] ... generic registers:      4
[    0.140657] ... value mask:             0000ffffffffffff
[    0.140728] ... max period:             0000ffffffffffff
[    0.140799] ... fixed-purpose events:   3
[    0.140867] ... event mask:             000000070000000f
[    0.141959] x86: Booting SMP configuration:
[    0.142029] .... node  #0, CPUs:        #1
[    0.146937] NMI watchdog: enabled on all CPUs, permanently consumes one hw-PMU counter.
[    0.147178]   #2  #3  #4  #5  #6  #7
[    0.170741] .... node  #1, CPUs:    #8  #9 #10 #11 #12 #13 #14 #15
[    0.299388] .... node  #0, CPUs:   #16 #17 #18 #19 #20 #21 #22 #23
[    0.331025] .... node  #1, CPUs:   #24 #25 #26 #27 #28 #29 #30 #31
[    0.362652] x86: Booted up 2 nodes, 32 CPUs
[    0.362783] smpboot: Total of 32 processors activated (166038.13 BogoMIPS)
[    0.424435] devtmpfs: initialized
[    0.424592] Using 2GB memory block size for large-memory system
[    0.426491] evm: security.selinux
[    0.426560] evm: security.SMACK64
[    0.426629] evm: security.SMACK64EXEC
[    0.426699] evm: security.SMACK64TRANSMUTE
[    0.426769] evm: security.SMACK64MMAP
[    0.426839] evm: security.ima
[    0.426907] evm: security.capability
[    0.427081] PM: Registering ACPI NVS region [mem 0x79b0d000-0x7a0a4fff] (5865472 bytes)
[    0.427404] clocksource: jiffies: mask: 0xffffffff max_cycles: 0xffffffff, max_idle_ns: 7645041785100000 ns
[    0.427775] pinctrl core: initialized pinctrl subsystem
[    0.427977] RTC time:  7:07:43, date: 02/01/17
[    0.429149] NET: Registered protocol family 16
[    0.459789] cpuidle: using governor ladder
[    0.475794] cpuidle: using governor menu
[    0.475900] PCCT header not found.
[    0.476068] ACPI FADT declares the system doesn't support PCIe ASPM, so disable it
[    0.476167] ACPI: bus type PCI registered
[    0.476239] acpiphp: ACPI Hot Plug PCI Controller Driver version: 0.5
[    0.476422] PCI: MMCONFIG for domain 0000 [bus 00-ff] at [mem 0x80000000-0x8fffffff] (base 0x80000000)
[    0.476525] PCI: MMCONFIG at [mem 0x80000000-0x8fffffff] reserved in E820
[    0.476611] PCI: Using configuration type 1 for base access
[    0.476731] core: PMU erratum BJ122, BV98, HSD29 worked around, HT is on
[    0.512622] ACPI: Added _OSI(Module Device)
[    0.512695] ACPI: Added _OSI(Processor Device)
[    0.512768] ACPI: Added _OSI(3.0 _SCP Extensions)
[    0.512841] ACPI: Added _OSI(Processor Aggregator Device)
[    0.530061] [Firmware Bug]: ACPI: BIOS _OSI(Linux) query ignored
[    0.577384] ACPI: Dynamic OEM Table Load:
[    0.577543] ACPI: PRAD 0x0000000000000000 000102 (v02 ALASKA A M I    00000002 INTL 20120913)
[    0.581267] ACPI: Interpreter enabled
[    0.581350] ACPI: (supports S0 S5)
[    0.581420] ACPI: Using IOAPIC for interrupt routing
[    0.581539] HEST: Table parsing has been initialized.
[    0.581615] PCI: Using host bridge windows from ACPI; if necessary, use "pci=nocrs" and report a bug
[    0.603063] ACPI: PCI Root Bridge [UNC1] (domain 0000 [bus ff])
[    0.603143] acpi PNP0A03:02: _OSC: OS supports [ExtendedConfig ASPM ClockPM Segments MSI]
[    2.612580] acpi PNP0A03:02: _OSC: platform does not support [PCIeHotplug AER]
[    4.621783] acpi PNP0A03:02: _OSC: OS now controls [PME PCIeCapability]
[    4.621878] acpi PNP0A03:02: FADT indicates ASPM is unsupported, using BIOS configuration
[    4.622027] PCI host bridge to bus 0000:ff
[    4.622101] pci_bus 0000:ff: root bus resource [bus ff]
[    4.622186] pci 0000:ff:08.0: [8086:2f80] type 00 class 0x088000
[    4.622244] pci 0000:ff:08.2: [8086:2f32] type 00 class 0x110100
[    4.622289] pci 0000:ff:08.3: [8086:2f83] type 00 class 0x088000
[    4.622339] pci 0000:ff:0b.0: [8086:2f81] type 00 class 0x088000
[    4.622380] pci 0000:ff:0b.1: [8086:2f36] type 00 class 0x110100
[    4.622421] pci 0000:ff:0b.2: [8086:2f37] type 00 class 0x110100
[    4.622463] pci 0000:ff:0c.0: [8086:2fe0] type 00 class 0x088000
[    4.622503] pci 0000:ff:0c.1: [8086:2fe1] type 00 class 0x088000
[    4.622545] pci 0000:ff:0c.2: [8086:2fe2] type 00 class 0x088000
[    4.622585] pci 0000:ff:0c.3: [8086:2fe3] type 00 class 0x088000
[    4.622625] pci 0000:ff:0c.4: [8086:2fe4] type 00 class 0x088000
[    4.622665] pci 0000:ff:0c.5: [8086:2fe5] type 00 class 0x088000
[    4.622705] pci 0000:ff:0c.6: [8086:2fe6] type 00 class 0x088000
[    4.622745] pci 0000:ff:0c.7: [8086:2fe7] type 00 class 0x088000
[    4.622786] pci 0000:ff:0f.0: [8086:2ff8] type 00 class 0x088000
[    4.622826] pci 0000:ff:0f.1: [8086:2ff9] type 00 class 0x088000
[    4.622867] pci 0000:ff:0f.4: [8086:2ffc] type 00 class 0x088000
[    4.622908] pci 0000:ff:0f.5: [8086:2ffd] type 00 class 0x088000
[    4.622948] pci 0000:ff:0f.6: [8086:2ffe] type 00 class 0x088000
[    4.622990] pci 0000:ff:10.0: [8086:2f1d] type 00 class 0x088000
[    4.623031] pci 0000:ff:10.1: [8086:2f34] type 00 class 0x110100
[    4.623073] pci 0000:ff:10.5: [8086:2f1e] type 00 class 0x088000
[    4.623112] pci 0000:ff:10.6: [8086:2f7d] type 00 class 0x110100
[    4.623151] pci 0000:ff:10.7: [8086:2f1f] type 00 class 0x088000
[    4.623191] pci 0000:ff:12.0: [8086:2fa0] type 00 class 0x088000
[    4.623235] pci 0000:ff:12.1: [8086:2f30] type 00 class 0x110100
[    4.623281] pci 0000:ff:12.2: [8086:2f70] type 00 class 0x088000
[    4.623329] pci 0000:ff:13.0: [8086:2fa8] type 00 class 0x088000
[    4.623375] pci 0000:ff:13.1: [8086:2f71] type 00 class 0x088000
[    4.623420] pci 0000:ff:13.2: [8086:2faa] type 00 class 0x088000
[    4.623466] pci 0000:ff:13.3: [8086:2fab] type 00 class 0x088000
[    4.623512] pci 0000:ff:13.4: [8086:2fac] type 00 class 0x088000
[    4.623557] pci 0000:ff:13.5: [8086:2fad] type 00 class 0x088000
[    4.623602] pci 0000:ff:13.6: [8086:2fae] type 00 class 0x088000
[    4.623644] pci 0000:ff:13.7: [8086:2faf] type 00 class 0x088000
[    4.623688] pci 0000:ff:14.0: [8086:2fb0] type 00 class 0x088000
[    4.623734] pci 0000:ff:14.1: [8086:2fb1] type 00 class 0x088000
[    4.623779] pci 0000:ff:14.2: [8086:2fb2] type 00 class 0x088000
[    4.623827] pci 0000:ff:14.3: [8086:2fb3] type 00 class 0x088000
[    4.623873] pci 0000:ff:14.6: [8086:2fbe] type 00 class 0x088000
[    4.623916] pci 0000:ff:14.7: [8086:2fbf] type 00 class 0x088000
[    4.623959] pci 0000:ff:15.0: [8086:2fb4] type 00 class 0x088000
[    4.624005] pci 0000:ff:15.1: [8086:2fb5] type 00 class 0x088000
[    4.624052] pci 0000:ff:15.2: [8086:2fb6] type 00 class 0x088000
[    4.624098] pci 0000:ff:15.3: [8086:2fb7] type 00 class 0x088000
[    4.624147] pci 0000:ff:16.0: [8086:2f68] type 00 class 0x088000
[    4.624194] pci 0000:ff:16.6: [8086:2f6e] type 00 class 0x088000
[    4.624238] pci 0000:ff:16.7: [8086:2f6f] type 00 class 0x088000
[    4.624281] pci 0000:ff:17.0: [8086:2fd0] type 00 class 0x088000
[    4.624326] pci 0000:ff:17.4: [8086:2fb8] type 00 class 0x088000
[    4.624370] pci 0000:ff:17.5: [8086:2fb9] type 00 class 0x088000
[    4.624414] pci 0000:ff:17.6: [8086:2fba] type 00 class 0x088000
[    4.624458] pci 0000:ff:17.7: [8086:2fbb] type 00 class 0x088000
[    4.624506] pci 0000:ff:1e.0: [8086:2f98] type 00 class 0x088000
[    4.624548] pci 0000:ff:1e.1: [8086:2f99] type 00 class 0x088000
[    4.624590] pci 0000:ff:1e.2: [8086:2f9a] type 00 class 0x088000
[    4.624631] pci 0000:ff:1e.3: [8086:2fc0] type 00 class 0x088000
[    4.624636] pci 0000:ff:1e.3: [Firmware Bug]: reg 0x10: invalid BAR (can't size)
[    4.628955] pci 0000:ff:1e.4: [8086:2f9c] type 00 class 0x088000
[    4.629001] pci 0000:ff:1f.0: [8086:2f88] type 00 class 0x088000
[    4.629045] pci 0000:ff:1f.2: [8086:2f8a] type 00 class 0x088000
[    4.629144] ACPI: PCI Root Bridge [UNC0] (domain 0000 [bus 7f])
[    4.629223] acpi PNP0A03:03: _OSC: OS supports [ExtendedConfig ASPM ClockPM Segments MSI]
[    6.637971] acpi PNP0A03:03: _OSC: platform does not support [PCIeHotplug AER]
[    8.646951] acpi PNP0A03:03: _OSC: OS now controls [PME PCIeCapability]
[    8.647047] acpi PNP0A03:03: FADT indicates ASPM is unsupported, using BIOS configuration
[    8.647190] PCI host bridge to bus 0000:7f
[    8.647264] pci_bus 0000:7f: root bus resource [bus 7f]
[    8.647346] pci 0000:7f:08.0: [8086:2f80] type 00 class 0x088000
[    8.647397] pci 0000:7f:08.2: [8086:2f32] type 00 class 0x110100
[    8.647444] pci 0000:7f:08.3: [8086:2f83] type 00 class 0x088000
[    8.647496] pci 0000:7f:0b.0: [8086:2f81] type 00 class 0x088000
[    8.647541] pci 0000:7f:0b.1: [8086:2f36] type 00 class 0x110100
[    8.647587] pci 0000:7f:0b.2: [8086:2f37] type 00 class 0x110100
[    8.647635] pci 0000:7f:0c.0: [8086:2fe0] type 00 class 0x088000
[    8.647679] pci 0000:7f:0c.1: [8086:2fe1] type 00 class 0x088000
[    8.647722] pci 0000:7f:0c.2: [8086:2fe2] type 00 class 0x088000
[    8.647768] pci 0000:7f:0c.3: [8086:2fe3] type 00 class 0x088000
[    8.647811] pci 0000:7f:0c.4: [8086:2fe4] type 00 class 0x088000
[    8.647855] pci 0000:7f:0c.5: [8086:2fe5] type 00 class 0x088000
[    8.647898] pci 0000:7f:0c.6: [8086:2fe6] type 00 class 0x088000
[    8.647941] pci 0000:7f:0c.7: [8086:2fe7] type 00 class 0x088000
[    8.647986] pci 0000:7f:0f.0: [8086:2ff8] type 00 class 0x088000
[    8.648031] pci 0000:7f:0f.1: [8086:2ff9] type 00 class 0x088000
[    8.648076] pci 0000:7f:0f.4: [8086:2ffc] type 00 class 0x088000
[    8.648120] pci 0000:7f:0f.5: [8086:2ffd] type 00 class 0x088000
[    8.648167] pci 0000:7f:0f.6: [8086:2ffe] type 00 class 0x088000
[    8.648212] pci 0000:7f:10.0: [8086:2f1d] type 00 class 0x088000
[    8.648256] pci 0000:7f:10.1: [8086:2f34] type 00 class 0x110100
[    8.648301] pci 0000:7f:10.5: [8086:2f1e] type 00 class 0x088000
[    8.648344] pci 0000:7f:10.6: [8086:2f7d] type 00 class 0x110100
[    8.648388] pci 0000:7f:10.7: [8086:2f1f] type 00 class 0x088000
[    8.648432] pci 0000:7f:12.0: [8086:2fa0] type 00 class 0x088000
[    8.648479] pci 0000:7f:12.1: [8086:2f30] type 00 class 0x110100
[    8.648528] pci 0000:7f:12.2: [8086:2f70] type 00 class 0x088000
[    8.648580] pci 0000:7f:13.0: [8086:2fa8] type 00 class 0x088000
[    8.648631] pci 0000:7f:13.1: [8086:2f71] type 00 class 0x088000
[    8.648680] pci 0000:7f:13.2: [8086:2faa] type 00 class 0x088000
[    8.648730] pci 0000:7f:13.3: [8086:2fab] type 00 class 0x088000
[    8.648780] pci 0000:7f:13.4: [8086:2fac] type 00 class 0x088000
[    8.648831] pci 0000:7f:13.5: [8086:2fad] type 00 class 0x088000
[    8.648880] pci 0000:7f:13.6: [8086:2fae] type 00 class 0x088000
[    8.648926] pci 0000:7f:13.7: [8086:2faf] type 00 class 0x088000
[    8.648973] pci 0000:7f:14.0: [8086:2fb0] type 00 class 0x088000
[    8.649023] pci 0000:7f:14.1: [8086:2fb1] type 00 class 0x088000
[    8.649075] pci 0000:7f:14.2: [8086:2fb2] type 00 class 0x088000
[    8.649127] pci 0000:7f:14.3: [8086:2fb3] type 00 class 0x088000
[    8.649179] pci 0000:7f:14.6: [8086:2fbe] type 00 class 0x088000
[    8.649225] pci 0000:7f:14.7: [8086:2fbf] type 00 class 0x088000
[    8.649273] pci 0000:7f:15.0: [8086:2fb4] type 00 class 0x088000
[    8.649323] pci 0000:7f:15.1: [8086:2fb5] type 00 class 0x088000
[    8.649374] pci 0000:7f:15.2: [8086:2fb6] type 00 class 0x088000
[    8.649425] pci 0000:7f:15.3: [8086:2fb7] type 00 class 0x088000
[    8.649478] pci 0000:7f:16.0: [8086:2f68] type 00 class 0x088000
[    8.649530] pci 0000:7f:16.6: [8086:2f6e] type 00 class 0x088000
[    8.649578] pci 0000:7f:16.7: [8086:2f6f] type 00 class 0x088000
[    8.649632] pci 0000:7f:17.0: [8086:2fd0] type 00 class 0x088000
[    8.649682] pci 0000:7f:17.4: [8086:2fb8] type 00 class 0x088000
[    8.649729] pci 0000:7f:17.5: [8086:2fb9] type 00 class 0x088000
[    8.649777] pci 0000:7f:17.6: [8086:2fba] type 00 class 0x088000
[    8.649825] pci 0000:7f:17.7: [8086:2fbb] type 00 class 0x088000
[    8.649877] pci 0000:7f:1e.0: [8086:2f98] type 00 class 0x088000
[    8.649923] pci 0000:7f:1e.1: [8086:2f99] type 00 class 0x088000
[    8.649970] pci 0000:7f:1e.2: [8086:2f9a] type 00 class 0x088000
[    8.650016] pci 0000:7f:1e.3: [8086:2fc0] type 00 class 0x088000
[    8.650021] pci 0000:7f:1e.3: [Firmware Bug]: reg 0x10: invalid BAR (can't size)
[    8.650161] pci 0000:7f:1e.4: [8086:2f9c] type 00 class 0x088000
[    8.650209] pci 0000:7f:1f.0: [8086:2f88] type 00 class 0x088000
[    8.650255] pci 0000:7f:1f.2: [8086:2f8a] type 00 class 0x088000
[    8.651687] ACPI: PCI Root Bridge [PCI0] (domain 0000 [bus 00-7e])
[    8.651768] acpi PNP0A08:00: _OSC: OS supports [ExtendedConfig ASPM ClockPM Segments MSI]
[    8.652011] acpi PNP0A08:00: _OSC: platform does not support [PCIeHotplug AER]
[    8.652237] acpi PNP0A08:00: _OSC: OS now controls [PME PCIeCapability]
[    8.652316] acpi PNP0A08:00: FADT indicates ASPM is unsupported, using BIOS configuration
[    8.652896] PCI host bridge to bus 0000:00
[    8.652970] pci_bus 0000:00: root bus resource [io  0x0000-0x03af window]
[    8.653050] pci_bus 0000:00: root bus resource [io  0x03e0-0x0cf7 window]
[    8.653128] pci_bus 0000:00: root bus resource [io  0x03b0-0x03df window]
[    8.653208] pci_bus 0000:00: root bus resource [io  0x1000-0x7fff window]
[    8.653287] pci_bus 0000:00: root bus resource [mem 0x000a0000-0x000bffff window]
[    8.653386] pci_bus 0000:00: root bus resource [mem 0x90000000-0xc7ffafff window]
[    8.653485] pci_bus 0000:00: root bus resource [bus 00-7e]
[    8.653568] pci 0000:00:00.0: [8086:2f00] type 00 class 0x060000
[    8.653698] pci 0000:00:01.0: [8086:2f02] type 01 class 0x060400
[    8.653748] pci 0000:00:01.0: PME# supported from D0 D3hot D3cold
[    8.653831] pci 0000:00:01.0: System wakeup disabled by ACPI
[    8.653939] pci 0000:00:03.0: [8086:2f08] type 01 class 0x060400
[    8.653989] pci 0000:00:03.0: PME# supported from D0 D3hot D3cold
[    8.654067] pci 0000:00:03.0: System wakeup disabled by ACPI
[    8.654174] pci 0000:00:03.1: [8086:2f09] type 01 class 0x060400
[    8.654223] pci 0000:00:03.1: PME# supported from D0 D3hot D3cold
[    8.654300] pci 0000:00:03.1: System wakeup disabled by ACPI
[    8.654410] pci 0000:00:05.0: [8086:2f28] type 00 class 0x088000
[    8.654516] pci 0000:00:05.1: [8086:2f29] type 00 class 0x088000
[    8.654637] pci 0000:00:05.2: [8086:2f2a] type 00 class 0x088000
[    8.654742] pci 0000:00:05.4: [8086:2f2c] type 00 class 0x080020
[    8.654755] pci 0000:00:05.4: reg 0x10: [mem 0xc7b19000-0xc7b19fff]
[    8.654873] pci 0000:00:11.0: [8086:8d7c] type 00 class 0xff0000
[    8.655058] pci 0000:00:11.4: [8086:8d62] type 00 class 0x010601
[    8.655083] pci 0000:00:11.4: reg 0x10: [io  0x7110-0x7117]
[    8.655092] pci 0000:00:11.4: reg 0x14: [io  0x7100-0x7103]
[    8.655100] pci 0000:00:11.4: reg 0x18: [io  0x70f0-0x70f7]
[    8.655108] pci 0000:00:11.4: reg 0x1c: [io  0x70e0-0x70e3]
[    8.655116] pci 0000:00:11.4: reg 0x20: [io  0x7020-0x703f]
[    8.655124] pci 0000:00:11.4: reg 0x24: [mem 0xc7b18000-0xc7b187ff]
[    8.655157] pci 0000:00:11.4: PME# supported from D3hot
[    8.655251] pci 0000:00:16.0: [8086:8d3a] type 00 class 0x078000
[    8.655277] pci 0000:00:16.0: reg 0x10: [mem 0xc7b17000-0xc7b1700f 64bit]
[    8.655331] pci 0000:00:16.0: PME# supported from D0 D3hot D3cold
[    8.655414] pci 0000:00:16.1: [8086:8d3b] type 00 class 0x078000
[    8.655440] pci 0000:00:16.1: reg 0x10: [mem 0xc7b16000-0xc7b1600f 64bit]
[    8.655493] pci 0000:00:16.1: PME# supported from D0 D3hot D3cold
[    8.655588] pci 0000:00:1a.0: [8086:8d2d] type 00 class 0x0c0320
[    8.655616] pci 0000:00:1a.0: reg 0x10: [mem 0xc7b14000-0xc7b143ff]
[    8.655690] pci 0000:00:1a.0: PME# supported from D0 D3hot D3cold
[    8.655758] pci 0000:00:1a.0: System wakeup disabled by ACPI
[    8.655867] pci 0000:00:1c.0: [8086:8d10] type 01 class 0x060400
[    8.655934] pci 0000:00:1c.0: PME# supported from D0 D3hot D3cold
[    8.655991] pci 0000:00:1c.0: System wakeup disabled by ACPI
[    8.656107] pci 0000:00:1d.0: [8086:8d26] type 00 class 0x0c0320
[    8.656135] pci 0000:00:1d.0: reg 0x10: [mem 0xc7b13000-0xc7b133ff]
[    8.656208] pci 0000:00:1d.0: PME# supported from D0 D3hot D3cold
[    8.656275] pci 0000:00:1d.0: System wakeup disabled by ACPI
[    8.656384] pci 0000:00:1f.0: [8086:8d44] type 00 class 0x060100
[    8.656562] pci 0000:00:1f.2: [8086:8d02] type 00 class 0x010601
[    8.656584] pci 0000:00:1f.2: reg 0x10: [io  0x7070-0x7077]
[    8.656591] pci 0000:00:1f.2: reg 0x14: [io  0x7060-0x7063]
[    8.656598] pci 0000:00:1f.2: reg 0x18: [io  0x7050-0x7057]
[    8.656605] pci 0000:00:1f.2: reg 0x1c: [io  0x7040-0x7043]
[    8.656612] pci 0000:00:1f.2: reg 0x20: [io  0x7000-0x701f]
[    8.656619] pci 0000:00:1f.2: reg 0x24: [mem 0xc7b12000-0xc7b127ff]
[    8.656647] pci 0000:00:1f.2: PME# supported from D3hot
[    8.656726] pci 0000:00:1f.3: [8086:8d22] type 00 class 0x0c0500
[    8.656742] pci 0000:00:1f.3: reg 0x10: [mem 0xc7b11000-0xc7b110ff 64bit]
[    8.656763] pci 0000:00:1f.3: reg 0x20: [io  0x0580-0x059f]
[    8.656858] pci 0000:00:1f.6: [8086:8d24] type 00 class 0x118000
[    8.656886] pci 0000:00:1f.6: reg 0x10: [mem 0xc7b10000-0xc7b10fff 64bit]
[    8.657467] pci 0000:01:00.0: [15b3:1003] type 00 class 0x020000
[    8.658114] pci 0000:01:00.0: reg 0x10: [mem 0xc7a00000-0xc7afffff 64bit]
[    8.658371] pci 0000:01:00.0: reg 0x18: [mem 0xc4000000-0xc47fffff 64bit pref]
[    8.658848] pci 0000:01:00.0: reg 0x30: [mem 0xc7900000-0xc79fffff pref]
[    8.666990] pci 0000:00:01.0: PCI bridge to [bus 01]
[    8.667074] pci 0000:00:01.0:   bridge window [mem 0xc7900000-0xc7afffff]
[    8.667081] pci 0000:00:01.0:   bridge window [mem 0xc4000000-0xc47fffff 64bit pref]
[    8.667325] pci 0000:00:03.0: PCI bridge to [bus 02-03]
[    8.667401] pci 0000:00:03.0:   bridge window [io  0x6000-0x6fff]
[    8.667404] pci 0000:00:03.0:   bridge window [mem 0xc6000000-0xc6ffffff]
[    8.667407] pci 0000:00:03.0:   bridge window [mem 0xc3000000-0xc3ffffff 64bit pref]
[    8.667554] pci 0000:04:00.0: [144d:a821] type 00 class 0x010802
[    8.667578] pci 0000:04:00.0: reg 0x10: [mem 0xc5010000-0xc5013fff 64bit]
[    8.667605] pci 0000:04:00.0: reg 0x30: [mem 0xc5000000-0xc500ffff pref]
[    8.674917] pci 0000:00:03.1: PCI bridge to [bus 04-05]
[    8.675001] pci 0000:00:03.1:   bridge window [io  0x5000-0x5fff]
[    8.675005] pci 0000:00:03.1:   bridge window [mem 0xc5000000-0xc5ffffff]
[    8.675011] pci 0000:00:03.1:   bridge window [mem 0xc2000000-0xc2ffffff 64bit pref]
[    8.675103] pci 0000:06:00.0: [1a03:1150] type 01 class 0x060400
[    8.675232] pci 0000:06:00.0: supports D1 D2
[    8.675233] pci 0000:06:00.0: PME# supported from D0 D1 D2 D3hot D3cold
[    8.682922] pci 0000:00:1c.0: PCI bridge to [bus 06-07]
[    8.683007] pci 0000:00:1c.0:   bridge window [io  0x4000-0x4fff]
[    8.683012] pci 0000:00:1c.0:   bridge window [mem 0xc7000000-0xc78fffff]
[    8.683116] pci 0000:07:00.0: [1a03:2000] type 00 class 0x030000
[    8.683160] pci 0000:07:00.0: reg 0x10: [mem 0xc7000000-0xc77fffff]
[    8.683173] pci 0000:07:00.0: reg 0x14: [mem 0xc7800000-0xc781ffff]
[    8.683187] pci 0000:07:00.0: reg 0x18: [io  0x4000-0x407f]
[    8.683276] pci 0000:07:00.0: supports D1 D2
[    8.683277] pci 0000:07:00.0: PME# supported from D0 D1 D2 D3hot D3cold
[    8.683377] pci 0000:06:00.0: PCI bridge to [bus 07]
[    8.683458] pci 0000:06:00.0:   bridge window [io  0x4000-0x4fff]
[    8.683463] pci 0000:06:00.0:   bridge window [mem 0xc7000000-0xc78fffff]
[    8.683497] pci_bus 0000:00: on NUMA node 0
[    8.684191] ACPI: PCI Root Bridge [PCI1] (domain 0000 [bus 80-fe])
[    8.684271] acpi PNP0A08:01: _OSC: OS supports [ExtendedConfig ASPM ClockPM Segments MSI]
[    8.684504] acpi PNP0A08:01: _OSC: platform does not support [PCIeHotplug AER]
[    8.684720] acpi PNP0A08:01: _OSC: OS now controls [PME PCIeCapability]
[    8.684798] acpi PNP0A08:01: FADT indicates ASPM is unsupported, using BIOS configuration
[    8.685044] PCI host bridge to bus 0000:80
[    8.685118] pci_bus 0000:80: root bus resource [io  0x8000-0xffff window]
[    8.685197] pci_bus 0000:80: root bus resource [mem 0xc8000000-0xfbffbfff window]
[    8.685296] pci_bus 0000:80: root bus resource [bus 80-fe]
[    8.685380] pci 0000:80:05.0: [8086:2f28] type 00 class 0x088000
[    8.685465] pci 0000:80:05.1: [8086:2f29] type 00 class 0x088000
[    8.685556] pci 0000:80:05.2: [8086:2f2a] type 00 class 0x088000
[    8.685633] pci 0000:80:05.4: [8086:2f2c] type 00 class 0x080020
[    8.685644] pci 0000:80:05.4: reg 0x10: [mem 0xfbf00000-0xfbf00fff]
[    8.685729] pci_bus 0000:80: on NUMA node 1
[    8.685940] ACPI: PCI Interrupt Link [LNKA] (IRQs 3 4 5 6 7 10 *11 12 14 15)
[    8.686585] ACPI: PCI Interrupt Link [LNKB] (IRQs 3 4 *5 6 7 10 11 12 14 15)
[    8.687235] ACPI: PCI Interrupt Link [LNKC] (IRQs 3 4 5 6 10 *11 12 14 15)
[    8.687835] ACPI: PCI Interrupt Link [LNKD] (IRQs 3 4 5 6 *10 11 12 14 15)
[    8.688432] ACPI: PCI Interrupt Link [LNKE] (IRQs 3 4 5 6 7 10 11 12 14 15) *0, disabled.
[    8.689184] ACPI: PCI Interrupt Link [LNKF] (IRQs 3 4 5 6 7 10 11 12 14 15) *0, disabled.
[    8.689936] ACPI: PCI Interrupt Link [LNKG] (IRQs 3 4 5 6 7 10 11 12 14 15) *0, disabled.
[    8.690687] ACPI: PCI Interrupt Link [LNKH] (IRQs 3 4 5 6 7 10 11 12 14 15) *0, disabled.
[    8.691514] ACPI: Enabled 3 GPEs in block 00 to 3F
[    8.691896] vgaarb: setting as boot device: PCI:0000:07:00.0
[    8.691974] vgaarb: device added: PCI:0000:07:00.0,decodes=io+mem,owns=io+mem,locks=none
[    8.692074] vgaarb: loaded
[    8.692143] vgaarb: bridge control possible 0000:07:00.0
[    8.692449] SCSI subsystem initialized
[    8.692625] libata version 3.00 loaded.
[    8.692650] ACPI: bus type USB registered
[    8.692736] usbcore: registered new interface driver usbfs
[    8.692818] usbcore: registered new interface driver hub
[    8.693000] usbcore: registered new device driver usb
[    8.693356] PCI: Using ACPI for IRQ routing
[    8.697750] PCI: pci_cache_line_size set to 64 bytes
[    8.697947] e820: reserve RAM buffer [mem 0x00093400-0x0009ffff]
[    8.697949] e820: reserve RAM buffer [mem 0x794f5000-0x7bffffff]
[    8.697950] e820: reserve RAM buffer [mem 0x7bd53000-0x7bffffff]
[    8.698080] NetLabel: Initializing
[    8.698151] NetLabel:  domain hash size = 128
[    8.698223] NetLabel:  protocols = UNLABELED CIPSOv4
[    8.698309] NetLabel:  unlabeled traffic allowed by default
[    8.698454] hpet0: at MMIO 0xfed00000, IRQs 2, 8, 0, 0, 0, 0, 0, 0
[    8.698930] hpet0: 8 comparators, 64-bit 14.318180 MHz counter
[    8.701033] amd_nb: Cannot enumerate AMD northbridges
[    8.701211] clocksource: Switched to clocksource hpet
[    8.709178] AppArmor: AppArmor Filesystem Enabled
[    8.709326] pnp: PnP ACPI init
[    8.709625] pnp 00:00: Plug and Play ACPI device, IDs PNP0b00 (active)
[    8.709793] system 00:01: [io  0x0500-0x057f] has been reserved
[    8.709868] system 00:01: [io  0x0400-0x047f] could not be reserved
[    8.709943] system 00:01: [io  0x0580-0x059f] has been reserved
[    8.710017] system 00:01: [io  0x0600-0x061f] has been reserved
[    8.710091] system 00:01: [io  0x0880-0x0883] has been reserved
[    8.710166] system 00:01: [io  0x0800-0x081f] has been reserved
[    8.710241] system 00:01: [mem 0xfed1c000-0xfed3ffff] could not be reserved
[    8.710317] system 00:01: [mem 0xfed45000-0xfed8bfff] has been reserved
[    8.710393] system 00:01: [mem 0xff000000-0xffffffff] has been reserved
[    8.710468] system 00:01: [mem 0xfee00000-0xfeefffff] has been reserved
[    8.710544] system 00:01: [mem 0xfed12000-0xfed1200f] has been reserved
[    8.710619] system 00:01: [mem 0xfed12010-0xfed1201f] has been reserved
[    8.710695] system 00:01: [mem 0xfed1b000-0xfed1bfff] has been reserved
[    8.710772] system 00:01: Plug and Play ACPI device, IDs PNP0c02 (active)
[    8.710965] system 00:02: [io  0x0a00-0x0a0f] has been reserved
[    8.711039] system 00:02: [io  0x0a10-0x0a1f] has been reserved
[    8.711113] system 00:02: [io  0x0a20-0x0a2f] has been reserved
[    8.711187] system 00:02: [io  0x0a30-0x0a3f] has been reserved
[    8.711261] system 00:02: [io  0x0a40-0x0a4f] has been reserved
[    8.711336] system 00:02: Plug and Play ACPI device, IDs PNP0c02 (active)
[    8.711504] pnp 00:03: [dma 0 disabled]
[    8.711543] pnp 00:03: Plug and Play ACPI device, IDs PNP0501 (active)
[    8.711688] pnp 00:04: [dma 0 disabled]
[    8.711724] pnp 00:04: Plug and Play ACPI device, IDs PNP0501 (active)
[    8.712085] pnp 00:05: Plug and Play ACPI device, IDs PNP0c31 (active)
[    8.712370] pnp: PnP ACPI: found 6 devices
[    8.718794] clocksource: acpi_pm: mask: 0xffffff max_cycles: 0xffffff, max_idle_ns: 2085701024 ns
[    8.719018] pci 0000:00:01.0: PCI bridge to [bus 01]
[    8.719096] pci 0000:00:01.0:   bridge window [mem 0xc7900000-0xc7afffff]
[    8.719175] pci 0000:00:01.0:   bridge window [mem 0xc4000000-0xc47fffff 64bit pref]
[    8.719277] pci 0000:00:03.0: PCI bridge to [bus 02-03]
[    8.719352] pci 0000:00:03.0:   bridge window [io  0x6000-0x6fff]
[    8.719430] pci 0000:00:03.0:   bridge window [mem 0xc6000000-0xc6ffffff]
[    8.719509] pci 0000:00:03.0:   bridge window [mem 0xc3000000-0xc3ffffff 64bit pref]
[    8.719611] pci 0000:00:03.1: PCI bridge to [bus 04-05]
[    8.719686] pci 0000:00:03.1:   bridge window [io  0x5000-0x5fff]
[    8.719764] pci 0000:00:03.1:   bridge window [mem 0xc5000000-0xc5ffffff]
[    8.719843] pci 0000:00:03.1:   bridge window [mem 0xc2000000-0xc2ffffff 64bit pref]
[    8.719945] pci 0000:06:00.0: PCI bridge to [bus 07]
[    8.720021] pci 0000:06:00.0:   bridge window [io  0x4000-0x4fff]
[    8.720102] pci 0000:06:00.0:   bridge window [mem 0xc7000000-0xc78fffff]
[    8.720190] pci 0000:00:1c.0: PCI bridge to [bus 06-07]
[    8.720266] pci 0000:00:1c.0:   bridge window [io  0x4000-0x4fff]
[    8.720345] pci 0000:00:1c.0:   bridge window [mem 0xc7000000-0xc78fffff]
[    8.720429] pci_bus 0000:00: resource 4 [io  0x0000-0x03af window]
[    8.720431] pci_bus 0000:00: resource 5 [io  0x03e0-0x0cf7 window]
[    8.720432] pci_bus 0000:00: resource 6 [io  0x03b0-0x03df window]
[    8.720433] pci_bus 0000:00: resource 7 [io  0x1000-0x7fff window]
[    8.720434] pci_bus 0000:00: resource 8 [mem 0x000a0000-0x000bffff window]
[    8.720436] pci_bus 0000:00: resource 9 [mem 0x90000000-0xc7ffafff window]
[    8.720437] pci_bus 0000:01: resource 1 [mem 0xc7900000-0xc7afffff]
[    8.720438] pci_bus 0000:01: resource 2 [mem 0xc4000000-0xc47fffff 64bit pref]
[    8.720439] pci_bus 0000:02: resource 0 [io  0x6000-0x6fff]
[    8.720441] pci_bus 0000:02: resource 1 [mem 0xc6000000-0xc6ffffff]
[    8.720442] pci_bus 0000:02: resource 2 [mem 0xc3000000-0xc3ffffff 64bit pref]
[    8.720443] pci_bus 0000:04: resource 0 [io  0x5000-0x5fff]
[    8.720444] pci_bus 0000:04: resource 1 [mem 0xc5000000-0xc5ffffff]
[    8.720445] pci_bus 0000:04: resource 2 [mem 0xc2000000-0xc2ffffff 64bit pref]
[    8.720447] pci_bus 0000:06: resource 0 [io  0x4000-0x4fff]
[    8.720448] pci_bus 0000:06: resource 1 [mem 0xc7000000-0xc78fffff]
[    8.720449] pci_bus 0000:07: resource 0 [io  0x4000-0x4fff]
[    8.720450] pci_bus 0000:07: resource 1 [mem 0xc7000000-0xc78fffff]
[    8.720454] pci_bus 0000:80: resource 4 [io  0x8000-0xffff window]
[    8.720455] pci_bus 0000:80: resource 5 [mem 0xc8000000-0xfbffbfff window]
[    8.720524] NET: Registered protocol family 2
[    8.721077] TCP established hash table entries: 524288 (order: 10, 4194304 bytes)
[    8.721956] TCP bind hash table entries: 65536 (order: 8, 1048576 bytes)
[    8.722220] TCP: Hash tables configured (established 524288 bind 65536)
[    8.722438] UDP hash table entries: 65536 (order: 9, 2097152 bytes)
[    8.722958] UDP-Lite hash table entries: 65536 (order: 9, 2097152 bytes)
[    8.723592] NET: Registered protocol family 1
[    8.757329] PCI: CLS mismatch (64 != 32), using 64 bytes
[    8.757344] pci 0000:07:00.0: Video device with shadowed ROM
[    8.757434] Trying to unpack rootfs image as initramfs...
[    9.228670] Freeing initrd memory: 33616K (ffff880033e48000 - ffff880035f1c000)
[    9.228878] PCI-DMA: Using software bounce buffering for IO (SWIOTLB)
[    9.228955] software IO TLB [mem 0x754f5000-0x794f5000] (64MB) mapped at [ffff8800754f5000-ffff8800794f4fff]
[    9.229136] Intel CQM monitoring enabled
[    9.229299] RAPL PMU detected, API unit is 2^-32 Joules, 3 fixed counters 655360 ms ovfl timer
[    9.229398] hw unit of domain pp0-core 2^-14 Joules
[    9.229470] hw unit of domain package 2^-14 Joules
[    9.229542] hw unit of domain dram 2^-16 Joules
[    9.230357] Scanning for low memory corruption every 60 seconds
[    9.231188] futex hash table entries: 8192 (order: 7, 524288 bytes)
[    9.231383] audit: initializing netlink subsys (disabled)
[    9.231474] audit: type=2000 audit(1485932872.104:1): initialized
[    9.232238] Initialise system trusted keyring
[    9.232619] HugeTLB registered 1 GB page size, pre-allocated 0 pages
[    9.232695] HugeTLB registered 2 MB page size, pre-allocated 0 pages
[    9.233953] zbud: loaded
[    9.234233] VFS: Disk quotas dquot_6.6.0
[    9.234341] VFS: Dquot-cache hash table entries: 512 (order 0, 4096 bytes)
[    9.234672] squashfs: version 4.0 (2009/01/31) Phillip Lougher
[    9.235025] fuse init (API version 7.23)
[    9.235337] Key type big_key registered
[    9.235424] Allocating IMA MOK and blacklist keyrings.
[    9.235898] Key type asymmetric registered
[    9.235970] Asymmetric key parser 'x509' registered
[    9.236081] Block layer SCSI generic (bsg) driver version 0.4 loaded (major 249)
[    9.236293] io scheduler noop registered
[    9.236366] io scheduler deadline registered (default)
[    9.236487] io scheduler cfq registered
[    9.237286] pcieport 0000:00:01.0: Signaling PME through PCIe PME interrupt
[    9.237363] pci 0000:01:00.0: Signaling PME through PCIe PME interrupt
[    9.237438] pcie_pme 0000:00:01.0:pcie01: service driver pcie_pme loaded
[    9.237451] pcieport 0000:00:03.0: Signaling PME through PCIe PME interrupt
[    9.237527] pcie_pme 0000:00:03.0:pcie01: service driver pcie_pme loaded
[    9.237540] pcieport 0000:00:03.1: Signaling PME through PCIe PME interrupt
[    9.237615] pci 0000:04:00.0: Signaling PME through PCIe PME interrupt
[    9.237690] pcie_pme 0000:00:03.1:pcie01: service driver pcie_pme loaded
[    9.237703] pcieport 0000:00:1c.0: Signaling PME through PCIe PME interrupt
[    9.237778] pci 0000:06:00.0: Signaling PME through PCIe PME interrupt
[    9.237852] pci 0000:07:00.0: Signaling PME through PCIe PME interrupt
[    9.237928] pcie_pme 0000:00:1c.0:pcie01: service driver pcie_pme loaded
[    9.237934] pci_hotplug: PCI Hot Plug PCI Core version: 0.5
[    9.238010] pciehp: PCI Express Hot Plug Controller Driver version: 0.4
[    9.242062] intel_idle: MWAIT substates: 0x2120
[    9.242063] intel_idle: v0.4.1 model 0x3F
[    9.242064] intel_idle: lapic_timer_reliable_states 0xffffffff
[    9.243032] input: Power Button as /devices/LNXSYSTM:00/LNXSYBUS:00/PNP0C0C:00/input/input0
[    9.243131] ACPI: Power Button [PWRB]
[    9.243227] input: Power Button as /devices/LNXSYSTM:00/LNXPWRBN:00/input/input1
[    9.243322] ACPI: Power Button [PWRF]
[    9.247564] ERST: Error Record Serialization Table (ERST) support is initialized.
[    9.247663] pstore: Registered erst as persistent store backend
[    9.247946] GHES: APEI firmware first mode is enabled by APEI bit and WHEA _OSC.
[    9.248170] Serial: 8250/16550 driver, 32 ports, IRQ sharing enabled
[    9.268790] 00:03: ttyS0 at I/O 0x3f8 (irq = 4, base_baud = 115200) is a 16550A
[    9.289437] 00:04: ttyS1 at I/O 0x2f8 (irq = 3, base_baud = 115200) is a 16550A
[    9.290867] Linux agpgart interface v0.103
[    9.349252] tpm_tis 00:05: 1.2 TPM (device-id 0xB, rev-id 16)
[    9.584182] brd: module loaded
[    9.587552] loop: module loaded
[    9.587941] libphy: Fixed MDIO Bus: probed
[    9.588014] tun: Universal TUN/TAP device driver, 1.6
[    9.588085] tun: (C) 1999-2004 Max Krasnyansky <maxk@qualcomm.com>
[    9.588223] PPP generic driver version 2.4.2
[    9.588364] ehci_hcd: USB 2.0 'Enhanced' Host Controller (EHCI) Driver
[    9.588443] ehci-pci: EHCI PCI platform driver
[    9.588658] ehci-pci 0000:00:1a.0: EHCI Host Controller
[    9.588736] ehci-pci 0000:00:1a.0: new USB bus registered, assigned bus number 1
[    9.588842] ehci-pci 0000:00:1a.0: debug port 2
[    9.592824] ehci-pci 0000:00:1a.0: cache line size of 64 is not supported
[    9.592836] ehci-pci 0000:00:1a.0: irq 18, io mem 0xc7b14000
[    9.601214] ehci-pci 0000:00:1a.0: USB 2.0 started, EHCI 1.00
[    9.601348] usb usb1: New USB device found, idVendor=1d6b, idProduct=0002
[    9.601435] usb usb1: New USB device strings: Mfr=3, Product=2, SerialNumber=1
[    9.601530] usb usb1: Product: EHCI Host Controller
[    9.601601] usb usb1: Manufacturer: Linux 4.4.0-47-generic ehci_hcd
[    9.601676] usb usb1: SerialNumber: 0000:00:1a.0
[    9.601899] hub 1-0:1.0: USB hub found
[    9.601973] hub 1-0:1.0: 2 ports detected
[    9.602256] ehci-pci 0000:00:1d.0: EHCI Host Controller
[    9.602333] ehci-pci 0000:00:1d.0: new USB bus registered, assigned bus number 2
[    9.602437] ehci-pci 0000:00:1d.0: debug port 2
[    9.606402] ehci-pci 0000:00:1d.0: cache line size of 64 is not supported
[    9.606406] ehci-pci 0000:00:1d.0: irq 18, io mem 0xc7b13000
[    9.617212] ehci-pci 0000:00:1d.0: USB 2.0 started, EHCI 1.00
[    9.617333] usb usb2: New USB device found, idVendor=1d6b, idProduct=0002
[    9.617424] usb usb2: New USB device strings: Mfr=3, Product=2, SerialNumber=1
[    9.617519] usb usb2: Product: EHCI Host Controller
[    9.617591] usb usb2: Manufacturer: Linux 4.4.0-47-generic ehci_hcd
[    9.617665] usb usb2: SerialNumber: 0000:00:1d.0
[    9.617874] hub 2-0:1.0: USB hub found
[    9.617946] hub 2-0:1.0: 2 ports detected
[    9.618134] ehci-platform: EHCI generic platform driver
[    9.618218] ohci_hcd: USB 1.1 'Open' Host Controller (OHCI) Driver
[    9.618297] ohci-pci: OHCI PCI platform driver
[    9.618383] ohci-platform: OHCI generic platform driver
[    9.618462] uhci_hcd: USB Universal Host Controller Interface driver
[    9.618602] i8042: PNP: No PS/2 controller found. Probing ports directly.
[   10.229228] tsc: Refined TSC clocksource calibration: 2593.989 MHz
[   10.229312] clocksource: tsc: mask: 0xffffffffffffffff max_cycles: 0x25640db9c9f, max_idle_ns: 440795213164 ns
[   10.341241] usb 1-1: new high-speed USB device number 2 using ehci-pci
[   10.341327] usb 2-1: new high-speed USB device number 2 using ehci-pci
[   10.477599] usb 1-1: New USB device found, idVendor=8087, idProduct=800a
[   10.477677] usb 1-1: New USB device strings: Mfr=0, Product=0, SerialNumber=0
[   10.477784] usb 2-1: New USB device found, idVendor=8087, idProduct=8002
[   10.477862] usb 2-1: New USB device strings: Mfr=0, Product=0, SerialNumber=0
[   10.478137] hub 1-1:1.0: USB hub found
[   10.478226] hub 2-1:1.0: USB hub found
[   10.478366] hub 1-1:1.0: 6 ports detected
[   10.478438] hub 2-1:1.0: 8 ports detected
[   10.644457] i8042: No controller found
[   10.644693] mousedev: PS/2 mouse device common for all mice
[   10.645013] rtc_cmos 00:00: RTC can wake from S4
[   10.645229] rtc_cmos 00:00: rtc core: registered rtc_cmos as rtc0
[   10.645337] rtc_cmos 00:00: alarms up to one month, y3k, 114 bytes nvram, hpet irqs
[   10.645449] i2c /dev entries driver
[   10.645577] device-mapper: uevent: version 1.0.3
[   10.645725] device-mapper: ioctl: 4.34.0-ioctl (2015-10-28) initialised: dm-devel@redhat.com
[   10.645841] Intel P-state driver initializing.
[   10.647000] ledtrig-cpu: registered to indicate activity on CPUs
[   10.647809] NET: Registered protocol family 10
[   10.648326] NET: Registered protocol family 17
[   10.648416] Key type dns_resolver registered
[   10.650163] microcode: CPU0 sig=0x306f2, pf=0x1, revision=0x2d
[   10.650274] microcode: CPU1 sig=0x306f2, pf=0x1, revision=0x2d
[   10.650384] microcode: CPU2 sig=0x306f2, pf=0x1, revision=0x2d
[   10.650494] microcode: CPU3 sig=0x306f2, pf=0x1, revision=0x2d
[   10.650604] microcode: CPU4 sig=0x306f2, pf=0x1, revision=0x2d
[   10.650690] microcode: CPU5 sig=0x306f2, pf=0x1, revision=0x2d
[   10.650801] microcode: CPU6 sig=0x306f2, pf=0x1, revision=0x2d
[   10.650913] microcode: CPU7 sig=0x306f2, pf=0x1, revision=0x2d
[   10.651027] microcode: CPU8 sig=0x306f2, pf=0x1, revision=0x2d
[   10.651142] microcode: CPU9 sig=0x306f2, pf=0x1, revision=0x2d
[   10.651256] microcode: CPU10 sig=0x306f2, pf=0x1, revision=0x2d
[   10.651369] microcode: CPU11 sig=0x306f2, pf=0x1, revision=0x2d
[   10.651483] microcode: CPU12 sig=0x306f2, pf=0x1, revision=0x2d
[   10.651597] microcode: CPU13 sig=0x306f2, pf=0x1, revision=0x2d
[   10.651710] microcode: CPU14 sig=0x306f2, pf=0x1, revision=0x2d
[   10.651823] microcode: CPU15 sig=0x306f2, pf=0x1, revision=0x2d
[   10.651937] microcode: CPU16 sig=0x306f2, pf=0x1, revision=0x2d
[   10.652047] microcode: CPU17 sig=0x306f2, pf=0x1, revision=0x2d
[   10.652160] microcode: CPU18 sig=0x306f2, pf=0x1, revision=0x2d
[   10.652272] microcode: CPU19 sig=0x306f2, pf=0x1, revision=0x2d
[   10.652382] microcode: CPU20 sig=0x306f2, pf=0x1, revision=0x2d
[   10.652472] microcode: CPU21 sig=0x306f2, pf=0x1, revision=0x2d
[   10.652564] microcode: CPU22 sig=0x306f2, pf=0x1, revision=0x2d
[   10.652675] microcode: CPU23 sig=0x306f2, pf=0x1, revision=0x2d
[   10.652789] microcode: CPU24 sig=0x306f2, pf=0x1, revision=0x2d
[   10.652902] microcode: CPU25 sig=0x306f2, pf=0x1, revision=0x2d
[   10.653016] microcode: CPU26 sig=0x306f2, pf=0x1, revision=0x2d
[   10.653132] microcode: CPU27 sig=0x306f2, pf=0x1, revision=0x2d
[   10.653257] microcode: CPU28 sig=0x306f2, pf=0x1, revision=0x2d
[   10.653373] microcode: CPU29 sig=0x306f2, pf=0x1, revision=0x2d
[   10.653487] microcode: CPU30 sig=0x306f2, pf=0x1, revision=0x2d
[   10.653606] microcode: CPU31 sig=0x306f2, pf=0x1, revision=0x2d
[   10.653756] microcode: Microcode Update Driver: v2.01 <tigran@aivazian.fsnet.co.uk>, Peter Oruba
[   10.654077] registered taskstats version 1
[   10.654179] Loading compiled-in X.509 certificates
[   10.655763] Loaded X.509 cert 'Build time autogenerated kernel key: f7bc719d96df7c6d6fed8f4b9fd5d4ff001383c8'
[   10.655936] zswap: loaded using pool lzo/zbud
[   10.659069] Key type trusted registered
[   10.662925] Key type encrypted registered
[   10.663011] AppArmor: AppArmor sha1 policy hashing enabled
[   10.917277] usb 1-1.3: new high-speed USB device number 3 using ehci-pci
[   11.009610] usb 1-1.3: New USB device found, idVendor=0424, idProduct=2422
[   11.009688] usb 1-1.3: New USB device strings: Mfr=0, Product=0, SerialNumber=0
[   11.010006] hub 1-1.3:1.0: USB hub found
[   11.010108] hub 1-1.3:1.0: 2 ports detected
[   11.229513] clocksource: Switched to clocksource tsc
[   11.261332] evm: HMAC attrs: 0x1
[   11.262643]   Magic number: 5:852:115
[   11.262792] pci 0000:80:05.1: hash matches
[   11.263187] rtc_cmos 00:00: setting system clock to 2017-02-01 07:07:54 UTC (1485932874)
[   11.263384] BIOS EDD facility v0.16 2004-Jun-25, 0 devices found
[   11.263461] EDD information not available.
[   11.263598] PM: Hibernation image not present or could not be loaded.
[   11.264912] Freeing unused kernel memory: 1480K (ffffffff81f43000 - ffffffff820b5000)
[   11.265022] Write protecting the kernel read-only data: 14336k
[   11.266080] Freeing unused kernel memory: 1804K (ffff88000183d000 - ffff880001a00000)
[   11.266660] Freeing unused kernel memory: 144K (ffff880001ddc000 - ffff880001e00000)
[   11.283035] random: systemd-udevd: uninitialized urandom read (16 bytes read, 4 bits of entropy available)
[   11.283234] random: systemd-udevd: uninitialized urandom read (16 bytes read, 4 bits of entropy available)
[   11.283346] random: systemd-udevd: uninitialized urandom read (16 bytes read, 4 bits of entropy available)
[   11.283459] random: systemd-udevd: uninitialized urandom read (16 bytes read, 4 bits of entropy available)
[   11.283933] random: udevadm: uninitialized urandom read (16 bytes read, 4 bits of entropy available)
[   11.284089] random: udevadm: uninitialized urandom read (16 bytes read, 4 bits of entropy available)
[   11.285971] random: udevadm: uninitialized urandom read (16 bytes read, 4 bits of entropy available)
[   11.286131] random: udevadm: uninitialized urandom read (16 bytes read, 4 bits of entropy available)
[   11.286304] random: udevadm: uninitialized urandom read (16 bytes read, 4 bits of entropy available)
[   11.286461] random: udevadm: uninitialized urandom read (16 bytes read, 4 bits of entropy available)
[   11.352385] FUJITSU Extended Socket Network Device Driver - version 1.0 - Copyright (c) 2015 FUJITSU LIMITED
[   11.368602] wmi: Mapper loaded
[   11.371183] ahci 0000:00:11.4: version 3.0
[   11.371354] ahci 0000:00:11.4: AHCI 0001.0300 32 slots 4 ports 6 Gbps 0xf impl SATA mode
[   11.371453] ahci 0000:00:11.4: flags: 64bit ncq pm led clo pio slum part ems apst 
[   11.375709] mlx4_core: Mellanox ConnectX core driver v2.2-1 (Feb, 2014)
[   11.375798] mlx4_core: Initializing 0000:01:00.0
[   11.376654] [drm] Initialized drm 1.1.0 20060810
[   11.386952] [drm] AST 2400 detected
[   11.387036] [drm] Analog VGA only
[   11.387118] [drm] dram 1632000000 1 16 00800000
[   11.387215] [TTM] Zone  kernel: Available graphics memory: 65963460 kiB
[   11.387289] [TTM] Zone   dma32: Available graphics memory: 2097152 kiB
[   11.387362] [TTM] Initializing pool allocator
[   11.387436] [TTM] Initializing DMA pool allocator
[   11.391309] fbcon: astdrmfb (fb0) is primary device
[   11.406606] scsi host0: ahci
[   11.408800] scsi host1: ahci
[   11.409458] scsi host2: ahci
[   11.411589] scsi host3: ahci
[   11.411620] ata1: SATA max UDMA/133 abar m2048@0xc7b18000 port 0xc7b18100 irq 31
[   11.411621] ata2: SATA max UDMA/133 abar m2048@0xc7b18000 port 0xc7b18180 irq 31
[   11.411623] ata3: SATA max UDMA/133 abar m2048@0xc7b18000 port 0xc7b18200 irq 31
[   11.411624] ata4: SATA max UDMA/133 abar m2048@0xc7b18000 port 0xc7b18280 irq 31
[   11.411936] ahci 0000:00:1f.2: AHCI 0001.0300 32 slots 6 ports 6 Gbps 0x3f impl SATA mode
[   11.411938] ahci 0000:00:1f.2: flags: 64bit ncq pm led clo pio slum part ems apst 
[   11.435854] Console: switching to colour frame buffer device 128x48
[   11.449881] scsi host4: ahci
[   11.449986] scsi host5: ahci
[   11.450066] scsi host6: ahci
[   11.450145] scsi host7: ahci
[   11.450212] scsi host8: ahci
[   11.450278] scsi host9: ahci
[   11.450318] ata5: SATA max UDMA/133 abar m2048@0xc7b12000 port 0xc7b12100 irq 33
[   11.450326] ata6: SATA max UDMA/133 abar m2048@0xc7b12000 port 0xc7b12180 irq 33
[   11.450333] ata7: SATA max UDMA/133 abar m2048@0xc7b12000 port 0xc7b12200 irq 33
[   11.450341] ata8: SATA max UDMA/133 abar m2048@0xc7b12000 port 0xc7b12280 irq 33
[   11.450348] ata9: SATA max UDMA/133 abar m2048@0xc7b12000 port 0xc7b12300 irq 33
[   11.450356] ata10: SATA max UDMA/133 abar m2048@0xc7b12000 port 0xc7b12380 irq 33
[   11.460636] ast 0000:07:00.0: fb0: astdrmfb frame buffer device
[   11.473291] [drm] Initialized ast 0.1.0 20120228 for 0000:07:00.0 on minor 0
[   11.729299] ata3: SATA link down (SStatus 0 SControl 300)
[   11.729764] ata2: SATA link down (SStatus 0 SControl 300)
[   11.730172] ata1: SATA link down (SStatus 0 SControl 300)
[   11.730647] ata4: SATA link down (SStatus 0 SControl 300)
[   11.769313] ata5: SATA link up 6.0 Gbps (SStatus 133 SControl 300)
[   11.769925] ata6: SATA link up 6.0 Gbps (SStatus 133 SControl 300)
[   11.773088] ata5.00: ATA-9: Micron_M500DC_MTFDDAK120MBB, 0144, max UDMA/133
[   11.773525] ata5.00: 234441648 sectors, multi 16: LBA48 NCQ (depth 31/32), AA
[   11.773871] ata6.00: ATA-9: Micron_M500DC_MTFDDAK120MBB, 0144, max UDMA/133
[   11.774208] ata6.00: 234441648 sectors, multi 16: LBA48 NCQ (depth 31/32), AA
[   11.777285] ata10: SATA link down (SStatus 0 SControl 300)
[   11.777758] ata9: SATA link down (SStatus 0 SControl 300)
[   11.778175] ata8: SATA link down (SStatus 0 SControl 300)
[   11.778561] ata7: SATA link down (SStatus 0 SControl 300)
[   11.786431] ata5.00: configured for UDMA/133
[   11.787110] scsi 4:0:0:0: Direct-Access     ATA      Micron_M500DC_MT 0144 PQ: 0 ANSI: 5
[   11.787839] ata5.00: Enabling discard_zeroes_data
[   11.787844] sd 4:0:0:0: Attached scsi generic sg0 type 0
[   11.788677] ata6.00: configured for UDMA/133
[   11.788678] sd 4:0:0:0: [sda] 234441648 512-byte logical blocks: (120 GB/112 GiB)
[   11.788679] sd 4:0:0:0: [sda] 4096-byte physical blocks
[   11.788696] sd 4:0:0:0: [sda] Write Protect is off
[   11.788697] sd 4:0:0:0: [sda] Mode Sense: 00 3a 00 00
[   11.788702] sd 4:0:0:0: [sda] Write cache: enabled, read cache: enabled, doesn't support DPO or FUA
[   11.788794] ata5.00: Enabling discard_zeroes_data
[   11.791103] scsi 5:0:0:0: Direct-Access     ATA      Micron_M500DC_MT 0144 PQ: 0 ANSI: 5
[   11.791396]  sda: sda1 sda2 sda3
[   11.791604] ata5.00: Enabling discard_zeroes_data
[   11.791646] sd 4:0:0:0: [sda] Attached SCSI disk
[   11.793093] ata6.00: Enabling discard_zeroes_data
[   11.793189] sd 5:0:0:0: Attached scsi generic sg1 type 0
[   11.794101] sd 5:0:0:0: [sdb] 234441648 512-byte logical blocks: (120 GB/112 GiB)
[   11.794497] sd 5:0:0:0: [sdb] 4096-byte physical blocks
[   11.794900] sd 5:0:0:0: [sdb] Write Protect is off
[   11.795287] sd 5:0:0:0: [sdb] Mode Sense: 00 3a 00 00
[   11.795295] sd 5:0:0:0: [sdb] Write cache: enabled, read cache: enabled, doesn't support DPO or FUA
[   11.795758] ata6.00: Enabling discard_zeroes_data
[   11.797497]  sdb: sdb1 sdb2 sdb3
[   11.798108] ata6.00: Enabling discard_zeroes_data
[   11.798652] sd 5:0:0:0: [sdb] Attached SCSI disk
[   11.805964] md: bind<sda2>
[   11.807126] md: bind<sda3>
[   11.811982] md: bind<sdb2>
[   11.813073] md: bind<sdb3>
[   11.814524] md: raid1 personality registered for level 1
[   11.815227] md/raid1:md127: active with 2 out of 2 mirrors
[   11.815644] md/raid1:md126: not clean -- starting background reconstruction
[   11.815645] md/raid1:md126: active with 2 out of 2 mirrors
[   11.815711] created bitmap (1 pages) for device md126
[   11.815840] md126: bitmap initialized from disk: read 1 pages, set 1748 of 1758 bits
[   11.815920] md126: detected capacity change from 0 to 117917614080
[   11.818056] md127: detected capacity change from 0 to 2043674624
[   18.262779] pmd_set_huge: Cannot satisfy [mem 0xc4400000-0xc4600000] with a huge-page mapping due to MTRR override.
[   18.263569] mlx4_core 0000:01:00.0: PCIe link speed is 8.0GT/s, device supports 8.0GT/s
[   18.264018] mlx4_core 0000:01:00.0: PCIe link width is x8, device supports x8
[   18.506223] pps_core: LinuxPPS API ver. 1 registered
[   18.506850] pps_core: Software ver. 5.3.6 - Copyright 2005-2007 Rodolfo Giometti <giometti@linux.it>
[   18.508395] PTP clock support registered
[   18.514137] mlx4_en: Mellanox ConnectX HCA Ethernet driver v2.2-1 (Feb 2014)
[   18.514811] mlx4_en 0000:01:00.0: Activating port:1
[   18.529975] mlx4_en: 0000:01:00.0: Port 1: Using 256 TX rings
[   18.530585] mlx4_en: 0000:01:00.0: Port 1: Using 8 RX rings
[   18.531146] mlx4_en: 0000:01:00.0: Port 1:   frag:0 - size:1522 prefix:0 stride:1536
[   18.531968] mlx4_en: 0000:01:00.0: Port 1: Initializing port
[   18.532772] mlx4_en 0000:01:00.0: registered PHC clock
[   18.534943] mlx4_en 0000:01:00.0: Activating port:2
[   18.547129] mlx4_en: 0000:01:00.0: Port 2: Using 256 TX rings
[   18.547730] mlx4_en: 0000:01:00.0: Port 2: Using 8 RX rings
[   18.548278] mlx4_en: 0000:01:00.0: Port 2:   frag:0 - size:1522 prefix:0 stride:1536
[   18.549104] mlx4_en: 0000:01:00.0: Port 2: Initializing port
[   18.593100] md: linear personality registered for level -1
[   18.595751] md: multipath personality registered for level -4
[   18.598250] md: raid0 personality registered for level 0
[   18.614204] mlx4_en: eth1: Link Up
[   18.669410] raid6: sse2x1   gen() 10429 MB/s
[   18.737406] raid6: sse2x1   xor()  8261 MB/s
[   18.805409] raid6: sse2x2   gen() 12903 MB/s
[   18.873435] raid6: sse2x2   xor()  9045 MB/s
[   18.941438] raid6: sse2x4   gen() 15679 MB/s
[   19.009436] raid6: sse2x4   xor() 10152 MB/s
[   19.077437] raid6: avx2x1   gen() 20787 MB/s
[   19.145438] raid6: avx2x2   gen() 24658 MB/s
[   19.213441] raid6: avx2x4   gen() 25934 MB/s
[   19.213908] raid6: using algorithm avx2x4 gen() 25934 MB/s
[   19.214298] raid6: using avx2x2 recovery algorithm
[   19.215753] xor: automatically using best checksumming function:
[   19.253440]    avx       : 30841.000 MB/sec
[   19.254930] async_tx: api initialized (async)
[   19.261554] md: raid6 personality registered for level 6
[   19.262121] md: raid5 personality registered for level 5
[   19.262622] md: raid4 personality registered for level 4
[   19.267077] md: raid10 personality registered for level 10
[   24.333940] md: resync of RAID array md126
[   24.333940] md: minimum _guaranteed_  speed: 1000 KB/sec/disk.
[   24.333941] md: using maximum available idle IO bandwidth (but not more than 200000 KB/sec) for resync.
[   24.333945] md: using 128k window, over a total of 115153920k.
[   24.391992] EXT4-fs (md126): mounted filesystem with ordered data mode. Opts: (null)
[   24.520647] init: plymouth-upstart-bridge main process (532) terminated with status 1
[   24.521134] init: plymouth-upstart-bridge main process ended, respawning
[   24.524863] init: plymouth-upstart-bridge main process (541) terminated with status 1
[   24.525449] init: plymouth-upstart-bridge main process ended, respawning
[   24.528588] init: plymouth-upstart-bridge main process (545) terminated with status 1
[   24.529066] init: plymouth-upstart-bridge main process ended, respawning
[   24.574325] Adding 1995772k swap on /dev/md127.  Priority:-1 extents:1 across:1995772k FS
[   24.583231] EXT4-fs (md126): re-mounted. Opts: errors=remount-ro
[   24.992197] systemd-udevd[679]: starting version 204
[   25.008720] Ethernet Channel Bonding Driver: v3.7.1 (April 27, 2011)
[   25.026584] bond0: Setting xmit hash policy to layer3+4 (1)
[   25.026642] bond0: Setting MII monitoring interval to 100
[   25.026666] bond0: Setting down delay to 200
[   25.026688] bond0: Setting up delay to 200
[   25.029862] bond0: Setting LACP rate to fast (1)
[   25.030294] IPv6: ADDRCONF(NETDEV_UP): bond0: link is not ready
[   25.042594] ipmi message handler version 39.2
[   25.044626] ipmi_si IPI0001:00: ipmi_si: probing via ACPI
[   25.044652] ipmi_si IPI0001:00: [io  0x0ca2] regsize 1 spacing 1 irq 0
[   25.044653] ipmi_si: Adding ACPI-specified kcs state machine
[   25.044695] IPMI System Interface driver.
[   25.044773] ipmi_si: probing via SMBIOS
[   25.044774] ipmi_si: SMBIOS: io 0xca2 regsize 1 spacing 1 irq 0
[   25.044775] ipmi_si: Adding SMBIOS-specified kcs state machine duplicate interface
[   25.044776] ipmi_si: probing via SPMI
[   25.044777] ipmi_si: SPMI: io 0xca2 regsize 1 spacing 1 irq 0
[   25.044778] ipmi_si: Adding SPMI-specified kcs state machine duplicate interface
[   25.044779] ipmi_si: Trying ACPI-specified kcs state machine at i/o address 0xca2, slave address 0x0, irq 0
[   25.085643] EDAC MC: Ver: 3.0.0
[   25.085815] shpchp: Standard Hot Plug PCI Controller Driver version: 0.4
[   25.088444] EDAC sbridge: Seeking for: PCI ID 8086:2fa0
[   25.088451] EDAC sbridge: Seeking for: PCI ID 8086:2fa0
[   25.088455] EDAC sbridge: Seeking for: PCI ID 8086:2fa0
[   25.088458] EDAC sbridge: Seeking for: PCI ID 8086:2ffc
[   25.088460] EDAC sbridge: Seeking for: PCI ID 8086:2ffc
[   25.088464] EDAC sbridge: Seeking for: PCI ID 8086:2ffc
[   25.088466] EDAC sbridge: Seeking for: PCI ID 8086:2ffd
[   25.088469] EDAC sbridge: Seeking for: PCI ID 8086:2ffd
[   25.088472] EDAC sbridge: Seeking for: PCI ID 8086:2ffd
[   25.088475] EDAC sbridge: Seeking for: PCI ID 8086:2f60
[   25.088480] EDAC sbridge: Seeking for: PCI ID 8086:2fa8
[   25.088482] EDAC sbridge: Seeking for: PCI ID 8086:2fa8
[   25.088486] EDAC sbridge: Seeking for: PCI ID 8086:2fa8
[   25.088488] EDAC sbridge: Seeking for: PCI ID 8086:2f71
[   25.088491] EDAC sbridge: Seeking for: PCI ID 8086:2f71
[   25.088494] EDAC sbridge: Seeking for: PCI ID 8086:2f71
[   25.088497] EDAC sbridge: Seeking for: PCI ID 8086:2faa
[   25.088499] EDAC sbridge: Seeking for: PCI ID 8086:2faa
[   25.088503] EDAC sbridge: Seeking for: PCI ID 8086:2faa
[   25.088505] EDAC sbridge: Seeking for: PCI ID 8086:2fab
[   25.088507] EDAC sbridge: Seeking for: PCI ID 8086:2fab
[   25.088511] EDAC sbridge: Seeking for: PCI ID 8086:2fab
[   25.088513] EDAC sbridge: Seeking for: PCI ID 8086:2fac
[   25.088516] EDAC sbridge: Seeking for: PCI ID 8086:2fac
[   25.088519] EDAC sbridge: Seeking for: PCI ID 8086:2fac
[   25.088522] EDAC sbridge: Seeking for: PCI ID 8086:2fad
[   25.088524] EDAC sbridge: Seeking for: PCI ID 8086:2fad
[   25.088528] EDAC sbridge: Seeking for: PCI ID 8086:2fad
[   25.088530] EDAC sbridge: Seeking for: PCI ID 8086:2fbd
[   25.088583] EDAC sbridge: Seeking for: PCI ID 8086:2fbf
[   25.088591] EDAC sbridge: Seeking for: PCI ID 8086:2fbf
[   25.088596] EDAC sbridge: Seeking for: PCI ID 8086:2fbf
[   25.088598] EDAC sbridge: Seeking for: PCI ID 8086:2fb9
[   25.088601] EDAC sbridge: Seeking for: PCI ID 8086:2fb9
[   25.088605] mei_me 0000:00:16.0: Device doesn't have valid ME Interface
[   25.088606] EDAC sbridge: Seeking for: PCI ID 8086:2fb9
[   25.088609] EDAC sbridge: Seeking for: PCI ID 8086:2fbb
[   25.088612] EDAC sbridge: Seeking for: PCI ID 8086:2fbb
[   25.088616] EDAC sbridge: Seeking for: PCI ID 8086:2fbb
[   25.088618] EDAC sbridge: Seeking for: PCI ID 8086:2f68
[   25.088620] EDAC sbridge: Seeking for: PCI ID 8086:2f68
[   25.088624] EDAC sbridge: Seeking for: PCI ID 8086:2f68
[   25.088626] EDAC sbridge: Seeking for: PCI ID 8086:2f79
[   25.088631] EDAC sbridge: Seeking for: PCI ID 8086:2f6a
[   25.088644] EDAC sbridge: Seeking for: PCI ID 8086:2f6b
[   25.088648] EDAC sbridge: Seeking for: PCI ID 8086:2f6c
[   25.088653] EDAC sbridge: Seeking for: PCI ID 8086:2f6d
[   25.089458] EDAC MC0: Giving out device to module sbridge_edac.c controller Haswell Socket#0: DEV 0000:ff:12.0 (POLLED)
[   25.090282] EDAC MC1: Giving out device to module sbridge_edac.c controller Haswell Socket#1: DEV 0000:7f:12.0 (POLLED)
[   25.090284] EDAC sbridge:  Ver: 1.1.1 
[   25.115465] device-mapper: multipath: version 1.10.0 loaded
[   25.122704] AVX2 version of gcm_enc/dec engaged.
[   25.122704] AES CTR mode by8 optimization enabled
[   25.126015] power_meter ACPI000D:00: Found ACPI power meter.
[   25.126111] power_meter ACPI000D:00: Ignoring unsafe software power cap!
[   25.162235] intel_rapl: Found RAPL domain package
[   25.162239] intel_rapl: Found RAPL domain dram
[   25.162239] intel_rapl: DRAM domain energy unit 15300pj
[   25.162244] intel_rapl: Found RAPL domain package
[   25.162251] intel_rapl: Found RAPL domain dram
[   25.162251] intel_rapl: DRAM domain energy unit 15300pj
[   25.296689] ipmi_si IPI0001:00: Found new BMC (man_id: 0x001c4c, prod_id: 0x3253, dev_id: 0x20)
[   25.296696] ipmi_si IPI0001:00: IPMI kcs interface initialized
[   25.298454] IPMI SSIF Interface driver
[   26.161455] bond0: Adding slave eth0
[   26.162470] mlx4_en: eth0:   frag:0 - size:1522 prefix:0 stride:1536
[   26.381290] bond0: Enslaving eth0 as a backup interface with a down link
[   26.382609] mlx4_en: eth0: Link Up
[   26.433647] bond0: link status up for interface eth0, enabling it in 0 ms
[   26.433651] bond0: link status definitely up for interface eth0, 10000 Mbps full duplex
[   26.433653] bond0: now running without any active interface!
[   26.433680] IPv6: ADDRCONF(NETDEV_CHANGE): bond0: link becomes ready
[   27.374522] random: nonblocking pool is initialized
[   29.276996] bond0: Adding slave eth1
[   29.277930] mlx4_en: eth1:   frag:0 - size:1522 prefix:0 stride:1536
[   29.506509] bond0: Enslaving eth1 as a backup interface with an up link
[   29.737717] bond0: link status definitely up for interface eth1, 10000 Mbps full duplex
[   46.784580] init: failsafe main process (1417) killed by TERM signal
[   47.136431] systemd-journald[1641]: Failed to resolve 'systemd-journal' group: No such process
[   47.407736] Loading iSCSI transport class v2.0-870.
[   47.416315] iscsi: registered transport (tcp)
[   47.438179] iscsi: registered transport (iser)
[   47.550752] multipathd (1804): /proc/1804/oom_adj is deprecated, please use /proc/1804/oom_score_adj instead.
[  122.824562] init: plymouth-upstart-bridge main process ended, respawning
[  600.481217] md: md126: resync done.
[  600.491166] RAID1 conf printout:
[  600.491171]  --- wd:2 rd:2
[  600.491174]  disk 0, wo:0, o:1, dev:sda3
[  600.491176]  disk 1, wo:0, o:1, dev:sdb3
[28941.019540] SGI XFS with ACLs, security attributes, realtime, no debug enabled
[28941.022181] XFS (nvme0n1): Mounting V4 Filesystem
[28941.027389] XFS (nvme0n1): Ending clean mount
[73000.212238] perf interrupt took too long (2511 > 2500), lowering kernel.perf_event_max_sample_rate to 50000
[161412.755960] sh (22762): drop_caches: 3
[192580.124985] knem: module verification failed: signature and/or required key missing - tainting kernel
[192580.135081] knem 1.1.2.90mlnx1: initialized
[192600.586777] knem 1.1.2.90mlnx1: terminating
[192600.651487] knem 1.1.2.90mlnx1: initialized
[192610.576196] mlx4_en: eth0: Close port called
[192610.581305] bond0: link status down for interface eth0, disabling it in 200 ms
[192610.990043] bond0: Releasing active interface eth0
[192610.990050] bond0: the permanent HWaddr of eth0 - e4:1d:2d:54:25:86 - is still in use by bond0 - set the HWaddr of eth0 to a different address to avoid conflicts
[192610.990054] bond0: first active interface up!
[192611.045473] mlx4_en 0000:01:00.0: removed PHC
[192611.048133] mlx4_en: eth1: Close port called
[192611.109357] bond0: link status down for interface eth1, disabling it in 200 ms
[192611.473911] bond0: Removing an active aggregator
[192611.473916] bond0: Releasing active interface eth1
[192613.826940] Compat-mlnx-ofed backport release: 2ed8a21
[192613.826944] Backport based on mlnx_ofed/mlnx_rdma.git 2ed8a21
[192613.826945] compat.git: mlnx_ofed/mlnx_rdma.git
[192613.852771] mlx4_core: Mellanox ConnectX core driver v3.4-1.0.0 (25 Sep 2016)
[192613.852816] mlx4_core: Initializing 0000:01:00.0
[192620.143501] mlx4_core: device is working in RoCE mode: Roce V1
[192620.143503] mlx4_core: gid_type 1 for UD QPs is not supported by the devicegid_type 0 was chosen instead
[192620.143503] mlx4_core: UD QP Gid type is: V1
[192622.123544] mlx4_core 0000:01:00.0: PCIe link speed is 8.0GT/s, device supports 8.0GT/s
[192622.123546] mlx4_core 0000:01:00.0: PCIe link width is x8, device supports x8
[192622.393565] pps_core: LinuxPPS API ver. 1 registered
[192622.393570] pps_core: Software ver. 5.3.6 - Copyright 2005-2007 Rodolfo Giometti <giometti@linux.it>
[192622.399854] PTP clock support registered
[192622.412265] mlx4_en: Mellanox ConnectX HCA Ethernet driver v3.4-1.0.0 (25 Sep 2016)
[192622.412384] mlx4_en 0000:01:00.0: Activating port:1
[192622.435616] mlx4_en: 0000:01:00.0: Port 1: Using 256 TX rings
[192622.435619] mlx4_en: 0000:01:00.0: Port 1: Using 16 RX rings
[192622.435621] mlx4_en: 0000:01:00.0: Port 1:   frag:0 - size:1522 prefix:0 stride:1536
[192622.435898] mlx4_en: 0000:01:00.0: Port 1: Initializing port
[192622.436269] mlx4_en 0000:01:00.0: registered PHC clock
[192622.438986] mlx4_en 0000:01:00.0: Activating port:2
[192622.452460] mlx4_en: 0000:01:00.0: Port 2: Using 256 TX rings
[192622.452462] mlx4_en: 0000:01:00.0: Port 2: Using 16 RX rings
[192622.452464] mlx4_en: 0000:01:00.0: Port 2:   frag:0 - size:1522 prefix:0 stride:1536
[192622.452688] mlx4_en: 0000:01:00.0: Port 2: Initializing port
[192622.461835] <mlx4_ib> mlx4_ib_add: mlx4_ib: Mellanox ConnectX InfiniBand driver v3.4-1.0.0 (25 Sep 2016)
[192622.464048] mlx4_core 0000:01:00.0: mlx4_ib_add: allocated counter index 1 for port 1
[192622.464051] mlx4_core 0000:01:00.0: mlx4_ib_add: allocated counter index 3 for port 2
[192622.509240] bond0: Adding slave eth0
[192622.510385] mlx4_en: eth0:   frag:0 - size:1522 prefix:0 stride:1536
[192622.740214] mlx4_en: eth1: Link Up
[192622.741263] bond0: Enslaving eth0 as a backup interface with a down link
[192622.774621] mlx4_en: eth0: Link Up
[192622.821469] bond0: link status up for interface eth0, enabling it in 0 ms
[192622.821475] bond0: link status definitely up for interface eth0, 10000 Mbps full duplex
[192622.821479] bond0: now running without any active interface!
[192626.755968] bond0: Adding slave eth1
[192626.757245] mlx4_en: eth1:   frag:0 - size:1522 prefix:0 stride:1536
[192626.992021] bond0: Enslaving eth1 as a backup interface with an up link
[192627.034389] mlx4_core 0000:01:00.0: mlx4_ib_add: allocated counter index 1 for port 1
[192627.225510] bond0: link status definitely up for interface eth1, 10000 Mbps full duplex
[193020.095514] knem 1.1.2.90mlnx1: terminating
[194328.908340] knem 1.1.2.90mlnx1: initialized
[194342.020772] knem 1.1.2.90mlnx1: terminating
[194342.079383] knem 1.1.2.90mlnx1: initialized
[194374.428485] mlx4_en: eth0: Close port called
[194374.474196] bond0: link status down for interface eth0, disabling it in 200 ms
[194374.738744] bond0: Releasing active interface eth0
[194374.738750] bond0: the permanent HWaddr of eth0 - e4:1d:2d:54:25:86 - is still in use by bond0 - set the HWaddr of eth0 to a different address to avoid conflicts
[194374.738754] bond0: first active interface up!
[194375.074325] mlx4_en 0000:01:00.0: removed PHC
[194375.077830] mlx4_en: eth1: Close port called
[194375.154210] bond0: link status down for interface eth1, disabling it in 200 ms
[194375.386817] bond0: Removing an active aggregator
[194375.386823] bond0: Releasing active interface eth1
[194378.108108] Compat-mlnx-ofed backport release: 2ed8a21
[194378.108112] Backport based on mlnx_ofed/mlnx_rdma.git 2ed8a21
[194378.108113] compat.git: mlnx_ofed/mlnx_rdma.git
[194378.120207] mlx4_core: Mellanox ConnectX core driver v3.4-1.0.0 (25 Sep 2016)
[194378.120256] mlx4_core: Initializing 0000:01:00.0
[194384.407308] mlx4_core: device is working in RoCE mode: Roce V1
[194384.407309] mlx4_core: gid_type 1 for UD QPs is not supported by the devicegid_type 0 was chosen instead
[194384.407310] mlx4_core: UD QP Gid type is: V1
[194386.387447] mlx4_core 0000:01:00.0: PCIe link speed is 8.0GT/s, device supports 8.0GT/s
[194386.387449] mlx4_core 0000:01:00.0: PCIe link width is x8, device supports x8
[194386.662927] pps_core: LinuxPPS API ver. 1 registered
[194386.662931] pps_core: Software ver. 5.3.6 - Copyright 2005-2007 Rodolfo Giometti <giometti@linux.it>
[194386.665527] PTP clock support registered
[194386.680335] mlx4_en: Mellanox ConnectX HCA Ethernet driver v3.4-1.0.0 (25 Sep 2016)
[194386.680467] mlx4_en 0000:01:00.0: Activating port:1
[194386.705356] mlx4_en: 0000:01:00.0: Port 1: Using 256 TX rings
[194386.705360] mlx4_en: 0000:01:00.0: Port 1: Using 16 RX rings
[194386.705363] mlx4_en: 0000:01:00.0: Port 1:   frag:0 - size:1522 prefix:0 stride:1536
[194386.705651] mlx4_en: 0000:01:00.0: Port 1: Initializing port
[194386.706034] mlx4_en 0000:01:00.0: registered PHC clock
[194386.709397] mlx4_en 0000:01:00.0: Activating port:2
[194386.725133] mlx4_en: 0000:01:00.0: Port 2: Using 256 TX rings
[194386.725137] mlx4_en: 0000:01:00.0: Port 2: Using 16 RX rings
[194386.725140] mlx4_en: 0000:01:00.0: Port 2:   frag:0 - size:1522 prefix:0 stride:1536
[194386.725376] mlx4_en: 0000:01:00.0: Port 2: Initializing port
[194386.731069] <mlx4_ib> mlx4_ib_add: mlx4_ib: Mellanox ConnectX InfiniBand driver v3.4-1.0.0 (25 Sep 2016)
[194386.732730] mlx4_core 0000:01:00.0: mlx4_ib_add: allocated counter index 1 for port 1
[194386.732733] mlx4_core 0000:01:00.0: mlx4_ib_add: allocated counter index 3 for port 2
[194386.772385] mlx4_en: eth1: Link Up
[194386.774600] bond0: Adding slave eth0
[194386.775860] mlx4_en: eth0:   frag:0 - size:1522 prefix:0 stride:1536
[194387.009334] bond0: Enslaving eth0 as a backup interface with a down link
[194387.043193] mlx4_en: eth0: Link Up
[194387.102318] bond0: Warning: No 802.3ad response from the link partner for any adapters in the bond
[194387.102334] bond0: link status up for interface eth0, enabling it in 0 ms
[194387.102345] bond0: link status definitely up for interface eth0, 10000 Mbps full duplex
[194387.102349] bond0: first active interface up!
[194391.024572] bond0: Adding slave eth1
[194391.025875] mlx4_en: eth1:   frag:0 - size:1522 prefix:0 stride:1536
[194391.262587] bond0: Enslaving eth1 as a backup interface with an up link
[194391.305206] mlx4_core 0000:01:00.0: mlx4_ib_add: allocated counter index 1 for port 1
[194391.506364] bond0: link status definitely up for interface eth1, 10000 Mbps full duplex
[195748.957552] knem 1.1.2.90mlnx1: terminating
[323360.192192] md: data-check of RAID array md126
[323360.192198] md: minimum _guaranteed_  speed: 1000 KB/sec/disk.
[323360.192200] md: using maximum available idle IO bandwidth (but not more than 200000 KB/sec) for data-check.
[323360.192208] md: using 128k window, over a total of 115153920k.
[323360.222039] md: delaying data-check of md127 until md126 has finished (they share one or more physical units)
[323941.500212] md: md126: data-check done.
[323941.505136] md: data-check of RAID array md127
[323941.505141] md: minimum _guaranteed_  speed: 1000 KB/sec/disk.
[323941.505144] md: using maximum available idle IO bandwidth (but not more than 200000 KB/sec) for data-check.
[323941.505153] md: using 128k window, over a total of 1995776k.
[323951.097073] md: md127: data-check done.
[341343.528951] nr_pdflush_threads exported in /proc is scheduled for removal
